<html>
<body>
<pre>
<h1>µVision Build Log</h1>
<h2>Tool Versions:</h2>
IDE-Version: ¦ÌVision V5.15
Copyright (C) 2015 ARM Ltd and ARM Germany GmbH. All rights reserved.
License Information: DJI Microsoft, Microsoft, LIC=58512-99B3W-2L5CT-RN899-8LH28-L7CFM
 
Tool Versions:
Toolchain:       MDK-ARM Standard  Version: 5.15.0
Toolchain Path:  C:\Keil_v5\ARM\ARMCC\Bin
C Compiler:      Armcc.exe V5.05 update 2 (build 169)
Assembler:       Armasm.exe V5.05 update 2 (build 169)
Linker/Locator:  ArmLink.exe V5.05 update 2 (build 169)
Library Manager: ArmAr.exe V5.05 update 2 (build 169)
Hex Converter:   FromElf.exe V5.05 update 2 (build 169)
CPU DLL:         SARMCM3.DLL V5.15.0
Dialog DLL:      DCM.DLL V1.13.2.0
Target DLL:      Segger\JL2CM3.dll V2.99.15.0
Dialog DLL:      TCM.DLL V1.14.5.0
 
<h2>Project:</h2>
C:\Users\xu.chen\Desktop\project\project\PROJECT\imu_uwb_fusion.uvprojx
Project File Date:  07/23/2016

<h2>Output:</h2>
*** Using Compiler 'V5.05 update 2 (build 169)', folder: 'C:\Keil_v5\ARM\ARMCC\Bin'
Build target 'IMU_UWB'
compiling I2C.c...
linking...
Program Size: Code=1896 RO-data=424 RW-data=32 ZI-data=1104  
".\OBJ\imu_uwb_fusion.axf" - 0 Error(s), 0 Warning(s).

<h2>Software Packages used:</h2>

Package Vendor: ARM
                http://www.keil.com/pack/ARM.CMSIS.5.0.0-Beta4.pack
                ::CMSIS Driver:SPI:2.01 (API)
                CMSIS (Cortex Microcontroller Software Interface Standard)
   * Component: SPI Version: 2.01
   * Component: I2C Version: 2.02

<h2>Collection of Component include folders:</h2>
  C:\Users\xu.chen\Desktop\project\project\PROJECT\RTE
  C:\Keil_v5\ARM\PACK\ARM\CMSIS\5.0.0-Beta4\CMSIS\Driver\Include
  C:\Keil_v5\ARM\PACK\Keil\STM32F4xx_DFP\2.9.0\Drivers\CMSIS\Device\ST\STM32F4xx\Include

<h2>Collection of Component Files used:</h2>

   * Component: ::CMSIS Driver:SPI:2.01 (API)
      Include file:  CMSIS\Driver\Include\Driver_SPI.h

   * Component: ::CMSIS Driver:I2C:2.02 (API)
      Include file:  CMSIS\Driver\Include\Driver_I2C.h
</pre>
</body>
</html>
