Component: ARM Compiler 5.05 update 2 (build 169) Tool: armlink [4d0f33]

==============================================================================

Section Cross References

    main.o(i.main) refers to stm32f4xx_rcc.o(i.RCC_AHB1PeriphClockCmd) for RCC_AHB1PeriphClockCmd
    main.o(i.main) refers to stm32f4xx_gpio.o(i.GPIO_Init) for GPIO_Init
    main.o(i.main) refers to i2c.o(i.I2C_Config) for I2C_Config
    main.o(i.main) refers to i2c.o(i.I2C_Read) for I2C_Read
    main.o(i.main) refers to main.o(.data) for GPIO_InitStructure
    main.o(i.main) refers to main.o(.bss) for I2C_InitStructure
    system_stm32f4xx.o(i.SystemCoreClockUpdate) refers to system_stm32f4xx.o(.data) for SystemCoreClock
    system_stm32f4xx.o(i.SystemInit) refers to system_stm32f4xx.o(i.SetSysClock) for SetSysClock
    i2c.o(i.I2C_Config) refers to stm32f4xx_rcc.o(i.RCC_APB1PeriphClockCmd) for RCC_APB1PeriphClockCmd
    i2c.o(i.I2C_Config) refers to stm32f4xx_rcc.o(i.RCC_AHB1PeriphClockCmd) for RCC_AHB1PeriphClockCmd
    i2c.o(i.I2C_Config) refers to stm32f4xx_gpio.o(i.GPIO_Init) for GPIO_Init
    i2c.o(i.I2C_Config) refers to stm32f4xx_gpio.o(i.GPIO_PinAFConfig) for GPIO_PinAFConfig
    i2c.o(i.I2C_Config) refers to stm32f4xx_i2c.o(i.I2C_Cmd) for I2C_Cmd
    i2c.o(i.I2C_Config) refers to stm32f4xx_i2c.o(i.I2C_Init) for I2C_Init
    i2c.o(i.I2C_Config) refers to stm32f4xx_i2c.o(i.I2C_AcknowledgeConfig) for I2C_AcknowledgeConfig
    i2c.o(i.I2C_Read) refers to stm32f4xx_i2c.o(i.I2C_AcknowledgeConfig) for I2C_AcknowledgeConfig
    i2c.o(i.I2C_Read) refers to stm32f4xx_i2c.o(i.I2C_GenerateSTART) for I2C_GenerateSTART
    i2c.o(i.I2C_Read) refers to stm32f4xx_i2c.o(i.I2C_CheckEvent) for I2C_CheckEvent
    i2c.o(i.I2C_Read) refers to stm32f4xx_i2c.o(i.I2C_Send7bitAddress) for I2C_Send7bitAddress
    i2c.o(i.I2C_Read) refers to stm32f4xx_i2c.o(i.I2C_SendData) for I2C_SendData
    i2c.o(i.I2C_Read) refers to stm32f4xx_i2c.o(i.I2C_GenerateSTOP) for I2C_GenerateSTOP
    i2c.o(i.I2C_Read) refers to stm32f4xx_i2c.o(i.I2C_ReceiveData) for I2C_ReceiveData
    i2c.o(i.I2C_Write) refers to stm32f4xx_i2c.o(i.I2C_GenerateSTART) for I2C_GenerateSTART
    i2c.o(i.I2C_Write) refers to stm32f4xx_i2c.o(i.I2C_GetFlagStatus) for I2C_GetFlagStatus
    i2c.o(i.I2C_Write) refers to stm32f4xx_i2c.o(i.I2C_CheckEvent) for I2C_CheckEvent
    i2c.o(i.I2C_Write) refers to stm32f4xx_i2c.o(i.I2C_Send7bitAddress) for I2C_Send7bitAddress
    i2c.o(i.I2C_Write) refers to stm32f4xx_i2c.o(i.I2C_SendData) for I2C_SendData
    i2c.o(i.I2C_Write) refers to stm32f4xx_i2c.o(i.I2C_GenerateSTOP) for I2C_GenerateSTOP
    i2c.o(i.I2C_Write) refers to stm32f4xx_i2c.o(i.I2C_AcknowledgeConfig) for I2C_AcknowledgeConfig
    startup_stm32f40xx.o(RESET) refers to startup_stm32f40xx.o(STACK) for __initial_sp
    startup_stm32f40xx.o(RESET) refers to startup_stm32f40xx.o(.text) for Reset_Handler
    startup_stm32f40xx.o(RESET) refers to stm32f4xx_it.o(i.NMI_Handler) for NMI_Handler
    startup_stm32f40xx.o(RESET) refers to stm32f4xx_it.o(i.HardFault_Handler) for HardFault_Handler
    startup_stm32f40xx.o(RESET) refers to stm32f4xx_it.o(i.MemManage_Handler) for MemManage_Handler
    startup_stm32f40xx.o(RESET) refers to stm32f4xx_it.o(i.BusFault_Handler) for BusFault_Handler
    startup_stm32f40xx.o(RESET) refers to stm32f4xx_it.o(i.UsageFault_Handler) for UsageFault_Handler
    startup_stm32f40xx.o(RESET) refers to stm32f4xx_it.o(i.SVC_Handler) for SVC_Handler
    startup_stm32f40xx.o(RESET) refers to stm32f4xx_it.o(i.DebugMon_Handler) for DebugMon_Handler
    startup_stm32f40xx.o(RESET) refers to stm32f4xx_it.o(i.PendSV_Handler) for PendSV_Handler
    startup_stm32f40xx.o(RESET) refers to stm32f4xx_it.o(i.SysTick_Handler) for SysTick_Handler
    startup_stm32f40xx.o(.text) refers to system_stm32f4xx.o(i.SystemInit) for SystemInit
    startup_stm32f40xx.o(.text) refers to entry.o(.ARM.Collect$$$$00000000) for __main
    stm32f4xx_adc.o(i.ADC_DeInit) refers to stm32f4xx_rcc.o(i.RCC_APB2PeriphResetCmd) for RCC_APB2PeriphResetCmd
    stm32f4xx_can.o(i.CAN_DeInit) refers to stm32f4xx_rcc.o(i.RCC_APB1PeriphResetCmd) for RCC_APB1PeriphResetCmd
    stm32f4xx_can.o(i.CAN_GetITStatus) refers to stm32f4xx_can.o(i.CheckITStatus) for CheckITStatus
    stm32f4xx_cryp.o(i.CRYP_DeInit) refers to stm32f4xx_rcc.o(i.RCC_AHB2PeriphResetCmd) for RCC_AHB2PeriphResetCmd
    stm32f4xx_cryp_aes.o(i.CRYP_AES_CBC) refers to stm32f4xx_cryp.o(i.CRYP_KeyStructInit) for CRYP_KeyStructInit
    stm32f4xx_cryp_aes.o(i.CRYP_AES_CBC) refers to stm32f4xx_cryp.o(i.CRYP_FIFOFlush) for CRYP_FIFOFlush
    stm32f4xx_cryp_aes.o(i.CRYP_AES_CBC) refers to stm32f4xx_cryp.o(i.CRYP_Init) for CRYP_Init
    stm32f4xx_cryp_aes.o(i.CRYP_AES_CBC) refers to stm32f4xx_cryp.o(i.CRYP_KeyInit) for CRYP_KeyInit
    stm32f4xx_cryp_aes.o(i.CRYP_AES_CBC) refers to stm32f4xx_cryp.o(i.CRYP_Cmd) for CRYP_Cmd
    stm32f4xx_cryp_aes.o(i.CRYP_AES_CBC) refers to stm32f4xx_cryp.o(i.CRYP_GetFlagStatus) for CRYP_GetFlagStatus
[...]
    stm32f4xx_tim.o(i.TIM_PWMIConfig) refers to stm32f4xx_tim.o(i.TI2_Config) for TI2_Config
    stm32f4xx_tim.o(i.TIM_PWMIConfig) refers to stm32f4xx_tim.o(i.TIM_SetIC2Prescaler) for TIM_SetIC2Prescaler
    stm32f4xx_tim.o(i.TIM_TIxExternalClockConfig) refers to stm32f4xx_tim.o(i.TI2_Config) for TI2_Config
    stm32f4xx_tim.o(i.TIM_TIxExternalClockConfig) refers to stm32f4xx_tim.o(i.TI1_Config) for TI1_Config
    stm32f4xx_tim.o(i.TIM_TIxExternalClockConfig) refers to stm32f4xx_tim.o(i.TIM_SelectInputTrigger) for TIM_SelectInputTrigger
    stm32f4xx_usart.o(i.USART_DeInit) refers to stm32f4xx_rcc.o(i.RCC_APB2PeriphResetCmd) for RCC_APB2PeriphResetCmd
    stm32f4xx_usart.o(i.USART_DeInit) refers to stm32f4xx_rcc.o(i.RCC_APB1PeriphResetCmd) for RCC_APB1PeriphResetCmd
    stm32f4xx_usart.o(i.USART_Init) refers to stm32f4xx_rcc.o(i.RCC_GetClocksFreq) for RCC_GetClocksFreq
    stm32f4xx_wwdg.o(i.WWDG_DeInit) refers to stm32f4xx_rcc.o(i.RCC_APB1PeriphResetCmd) for RCC_APB1PeriphResetCmd
    entry.o(.ARM.Collect$$$$00000000) refers (Special) to entry10a.o(.ARM.Collect$$$$0000000D) for __rt_final_cpp
    entry.o(.ARM.Collect$$$$00000000) refers (Special) to entry11a.o(.ARM.Collect$$$$0000000F) for __rt_final_exit
    entry.o(.ARM.Collect$$$$00000000) refers (Special) to entry7b.o(.ARM.Collect$$$$00000008) for _main_clock
    entry.o(.ARM.Collect$$$$00000000) refers (Special) to entry8b.o(.ARM.Collect$$$$0000000A) for _main_cpp_init
    entry.o(.ARM.Collect$$$$00000000) refers (Special) to entry9a.o(.ARM.Collect$$$$0000000B) for _main_init
    entry.o(.ARM.Collect$$$$00000000) refers (Special) to entry5.o(.ARM.Collect$$$$00000004) for _main_scatterload
    entry.o(.ARM.Collect$$$$00000000) refers (Special) to entry2.o(.ARM.Collect$$$$00000001) for _main_stk
    entry2.o(.ARM.Collect$$$$00000001) refers to entry2.o(.ARM.Collect$$$$00002712) for __lit__00000000
    entry2.o(.ARM.Collect$$$$00002712) refers to startup_stm32f40xx.o(STACK) for __initial_sp
    entry2.o(__vectab_stack_and_reset_area) refers to startup_stm32f40xx.o(STACK) for __initial_sp
    entry2.o(__vectab_stack_and_reset_area) refers to entry.o(.ARM.Collect$$$$00000000) for __main
    entry5.o(.ARM.Collect$$$$00000004) refers to init.o(.text) for __scatterload
    entry9a.o(.ARM.Collect$$$$0000000B) refers to main.o(i.main) for main
    entry9b.o(.ARM.Collect$$$$0000000C) refers to main.o(i.main) for main
    init.o(.text) refers to entry5.o(.ARM.Collect$$$$00000004) for __main_after_scatterload


==============================================================================

Removing Unused input sections from the image.

    Removing main.o(.rev16_text), (4 bytes).
    Removing main.o(.revsh_text), (4 bytes).
    Removing main.o(.rrx_text), (6 bytes).
    Removing stm32f4xx_it.o(.rev16_text), (4 bytes).
    Removing stm32f4xx_it.o(.revsh_text), (4 bytes).
    Removing stm32f4xx_it.o(.rrx_text), (6 bytes).
    Removing system_stm32f4xx.o(.rev16_text), (4 bytes).
    Removing system_stm32f4xx.o(.revsh_text), (4 bytes).
    Removing system_stm32f4xx.o(.rrx_text), (6 bytes).
    Removing system_stm32f4xx.o(i.SystemCoreClockUpdate), (192 bytes).
    Removing system_stm32f4xx.o(.data), (20 bytes).
    Removing i2c.o(.rev16_text), (4 bytes).
    Removing i2c.o(.revsh_text), (4 bytes).
    Removing i2c.o(.rrx_text), (6 bytes).
    Removing i2c.o(i.I2C_Write), (152 bytes).
    Removing startup_stm32f40xx.o(HEAP), (512 bytes).
    Removing misc.o(.rev16_text), (4 bytes).
    Removing misc.o(.revsh_text), (4 bytes).
    Removing misc.o(.rrx_text), (6 bytes).
    Removing misc.o(i.NVIC_Init), (120 bytes).
    Removing misc.o(i.NVIC_PriorityGroupConfig), (20 bytes).
    Removing misc.o(i.NVIC_SetVectorTable), (20 bytes).
    Removing misc.o(i.NVIC_SystemLPConfig), (32 bytes).
    Removing misc.o(i.SysTick_CLKSourceConfig), (40 bytes).
    Removing stm32f4xx_adc.o(.rev16_text), (4 bytes).
    Removing stm32f4xx_adc.o(.revsh_text), (4 bytes).
    Removing stm32f4xx_adc.o(.rrx_text), (6 bytes).
    Removing stm32f4xx_adc.o(i.ADC_AnalogWatchdogCmd), (20 bytes).
    Removing stm32f4xx_adc.o(i.ADC_AnalogWatchdogSingleChannelConfig), (16 bytes).
    Removing stm32f4xx_adc.o(i.ADC_AnalogWatchdogThresholdsConfig), (6 bytes).
    Removing stm32f4xx_adc.o(i.ADC_AutoInjectedConvCmd), (22 bytes).
    Removing stm32f4xx_adc.o(i.ADC_ClearFlag), (6 bytes).
    Removing stm32f4xx_adc.o(i.ADC_ClearITPendingBit), (10 bytes).
    Removing stm32f4xx_adc.o(i.ADC_Cmd), (22 bytes).
    Removing stm32f4xx_adc.o(i.ADC_CommonInit), (48 bytes).
    Removing stm32f4xx_adc.o(i.ADC_CommonStructInit), (12 bytes).
    Removing stm32f4xx_adc.o(i.ADC_ContinuousModeCmd), (22 bytes).
    Removing stm32f4xx_adc.o(i.ADC_DMACmd), (22 bytes).
    Removing stm32f4xx_adc.o(i.ADC_DMARequestAfterLastTransferCmd), (22 bytes).
    Removing stm32f4xx_adc.o(i.ADC_DeInit), (22 bytes).
    Removing stm32f4xx_adc.o(i.ADC_DiscModeChannelCountConfig), (24 bytes).
    Removing stm32f4xx_adc.o(i.ADC_DiscModeCmd), (22 bytes).
    Removing stm32f4xx_adc.o(i.ADC_EOCOnEachRegularChannelCmd), (22 bytes).
    Removing stm32f4xx_adc.o(i.ADC_ExternalTrigInjectedConvConfig), (16 bytes).
    Removing stm32f4xx_adc.o(i.ADC_ExternalTrigInjectedConvEdgeConfig), (16 bytes).
    Removing stm32f4xx_adc.o(i.ADC_GetConversionValue), (8 bytes).
    Removing stm32f4xx_adc.o(i.ADC_GetFlagStatus), (18 bytes).
    Removing stm32f4xx_adc.o(i.ADC_GetITStatus), (38 bytes).
    Removing stm32f4xx_adc.o(i.ADC_GetInjectedConversionValue), (28 bytes).
    Removing stm32f4xx_adc.o(i.ADC_GetMultiModeConversionValue), (12 bytes).
    Removing stm32f4xx_adc.o(i.ADC_GetSoftwareStartConvStatus), (20 bytes).
    Removing stm32f4xx_adc.o(i.ADC_GetSoftwareStartInjectedConvCmdStatus), (20 bytes).
    Removing stm32f4xx_adc.o(i.ADC_ITConfig), (32 bytes).
    Removing stm32f4xx_adc.o(i.ADC_Init), (84 bytes).
    Removing stm32f4xx_adc.o(i.ADC_InjectedChannelConfig), (130 bytes).
    Removing stm32f4xx_adc.o(i.ADC_InjectedDiscModeCmd), (22 bytes).
    Removing stm32f4xx_adc.o(i.ADC_InjectedSequencerLengthConfig), (24 bytes).
    Removing stm32f4xx_adc.o(i.ADC_MultiModeDMARequestAfterLastTransferCmd), (44 bytes).
    Removing stm32f4xx_adc.o(i.ADC_RegularChannelConfig), (184 bytes).
    Removing stm32f4xx_adc.o(i.ADC_SetInjectedOffset), (20 bytes).
    Removing stm32f4xx_adc.o(i.ADC_SoftwareStartConv), (10 bytes).
    Removing stm32f4xx_adc.o(i.ADC_SoftwareStartInjectedConv), (10 bytes).
    Removing stm32f4xx_adc.o(i.ADC_StructInit), (20 bytes).
    Removing stm32f4xx_adc.o(i.ADC_TempSensorVrefintCmd), (44 bytes).
    Removing stm32f4xx_adc.o(i.ADC_VBATCmd), (44 bytes).
    Removing stm32f4xx_can.o(.rev16_text), (4 bytes).
    Removing stm32f4xx_can.o(.revsh_text), (4 bytes).
    Removing stm32f4xx_can.o(.rrx_text), (6 bytes).
    Removing stm32f4xx_can.o(i.CAN_CancelTransmit), (48 bytes).
    Removing stm32f4xx_can.o(i.CAN_ClearFlag), (56 bytes).
    Removing stm32f4xx_can.o(i.CAN_ClearITPendingBit), (168 bytes).
    Removing stm32f4xx_can.o(i.CAN_DBGFreeze), (22 bytes).
    Removing stm32f4xx_can.o(i.CAN_DeInit), (56 bytes).
    Removing stm32f4xx_can.o(i.CAN_FIFORelease), (22 bytes).
    Removing stm32f4xx_can.o(i.CAN_FilterInit), (264 bytes).
    Removing stm32f4xx_can.o(i.CAN_GetFlagStatus), (120 bytes).
    Removing stm32f4xx_can.o(i.CAN_GetITStatus), (288 bytes).
    Removing stm32f4xx_can.o(i.CAN_GetLSBTransmitErrorCounter), (12 bytes).
    Removing stm32f4xx_can.o(i.CAN_GetLastErrorCode), (12 bytes).
    Removing stm32f4xx_can.o(i.CAN_GetReceiveErrorCounter), (10 bytes).
    Removing stm32f4xx_can.o(i.CAN_ITConfig), (18 bytes).
    Removing stm32f4xx_can.o(i.CAN_Init), (276 bytes).
    Removing stm32f4xx_can.o(i.CAN_MessagePending), (30 bytes).
    Removing stm32f4xx_can.o(i.CAN_OperatingModeRequest), (162 bytes).
    Removing stm32f4xx_can.o(i.CAN_Receive), (240 bytes).
    Removing stm32f4xx_can.o(i.CAN_SlaveStartBank), (52 bytes).
    Removing stm32f4xx_can.o(i.CAN_Sleep), (30 bytes).
    Removing stm32f4xx_can.o(i.CAN_StructInit), (32 bytes).
    Removing stm32f4xx_can.o(i.CAN_TTComModeCmd), (118 bytes).
    Removing stm32f4xx_can.o(i.CAN_Transmit), (294 bytes).
    Removing stm32f4xx_can.o(i.CAN_TransmitStatus), (160 bytes).
    Removing stm32f4xx_can.o(i.CAN_WakeUp), (48 bytes).
    Removing stm32f4xx_can.o(i.CheckITStatus), (18 bytes).
    Removing stm32f4xx_cec.o(.rev16_text), (4 bytes).
    Removing stm32f4xx_cec.o(.revsh_text), (4 bytes).
    Removing stm32f4xx_cec.o(.rrx_text), (6 bytes).
    Removing stm32f4xx_crc.o(.rev16_text), (4 bytes).
    Removing stm32f4xx_crc.o(.revsh_text), (4 bytes).
    Removing stm32f4xx_crc.o(.rrx_text), (6 bytes).
    Removing stm32f4xx_crc.o(i.CRC_CalcBlockCRC), (36 bytes).
    Removing stm32f4xx_crc.o(i.CRC_CalcCRC), (16 bytes).
    Removing stm32f4xx_crc.o(i.CRC_GetCRC), (12 bytes).
    Removing stm32f4xx_crc.o(i.CRC_GetIDRegister), (12 bytes).
    Removing stm32f4xx_crc.o(i.CRC_ResetDR), (12 bytes).
    Removing stm32f4xx_crc.o(i.CRC_SetIDRegister), (12 bytes).
    Removing stm32f4xx_cryp.o(.rev16_text), (4 bytes).
    Removing stm32f4xx_cryp.o(.revsh_text), (4 bytes).
    Removing stm32f4xx_cryp.o(.rrx_text), (6 bytes).
    Removing stm32f4xx_cryp.o(i.CRYP_Cmd), (36 bytes).
    Removing stm32f4xx_cryp.o(i.CRYP_DMACmd), (36 bytes).
    Removing stm32f4xx_cryp.o(i.CRYP_DataIn), (12 bytes).
    Removing stm32f4xx_cryp.o(i.CRYP_DataOut), (12 bytes).
    Removing stm32f4xx_cryp.o(i.CRYP_DeInit), (20 bytes).
    Removing stm32f4xx_cryp.o(i.CRYP_FIFOFlush), (20 bytes).
    Removing stm32f4xx_cryp.o(i.CRYP_GetCmdStatus), (24 bytes).
    Removing stm32f4xx_cryp.o(i.CRYP_GetFlagStatus), (40 bytes).
    Removing stm32f4xx_cryp.o(i.CRYP_GetITStatus), (24 bytes).
    Removing stm32f4xx_cryp.o(i.CRYP_ITConfig), (36 bytes).
    Removing stm32f4xx_cryp.o(i.CRYP_IVInit), (24 bytes).
    Removing stm32f4xx_cryp.o(i.CRYP_IVStructInit), (12 bytes).
    Removing stm32f4xx_cryp.o(i.CRYP_Init), (124 bytes).
    Removing stm32f4xx_cryp.o(i.CRYP_KeyInit), (40 bytes).
    Removing stm32f4xx_cryp.o(i.CRYP_KeyStructInit), (20 bytes).
    Removing stm32f4xx_cryp.o(i.CRYP_PhaseConfig), (24 bytes).
    Removing stm32f4xx_cryp.o(i.CRYP_RestoreContext), (148 bytes).
    Removing stm32f4xx_cryp.o(i.CRYP_SaveContext), (264 bytes).
    Removing stm32f4xx_cryp.o(i.CRYP_StructInit), (12 bytes).
    Removing stm32f4xx_cryp_aes.o(.rev16_text), (4 bytes).
    Removing stm32f4xx_cryp_aes.o(.revsh_text), (4 bytes).
    Removing stm32f4xx_cryp_aes.o(.rrx_text), (6 bytes).
    Removing stm32f4xx_cryp_aes.o(i.CRYP_AES_CBC), (540 bytes).
    Removing stm32f4xx_cryp_aes.o(i.CRYP_AES_CCM), (1778 bytes).
    Removing stm32f4xx_cryp_aes.o(i.CRYP_AES_CTR), (466 bytes).
    Removing stm32f4xx_cryp_aes.o(i.CRYP_AES_ECB), (494 bytes).
    Removing stm32f4xx_cryp_aes.o(i.CRYP_AES_GCM), (1308 bytes).
    Removing stm32f4xx_cryp_des.o(.rev16_text), (4 bytes).
    Removing stm32f4xx_cryp_des.o(.revsh_text), (4 bytes).
    Removing stm32f4xx_cryp_des.o(.rrx_text), (6 bytes).
    Removing stm32f4xx_cryp_des.o(i.CRYP_DES_CBC), (248 bytes).
    Removing stm32f4xx_cryp_des.o(i.CRYP_DES_ECB), (224 bytes).
    Removing stm32f4xx_cryp_tdes.o(.rev16_text), (4 bytes).
    Removing stm32f4xx_cryp_tdes.o(.revsh_text), (4 bytes).
    Removing stm32f4xx_cryp_tdes.o(.rrx_text), (6 bytes).
    Removing stm32f4xx_cryp_tdes.o(i.CRYP_TDES_CBC), (280 bytes).
    Removing stm32f4xx_cryp_tdes.o(i.CRYP_TDES_ECB), (256 bytes).
    Removing stm32f4xx_dac.o(.rev16_text), (4 bytes).
    Removing stm32f4xx_dac.o(.revsh_text), (4 bytes).
    Removing stm32f4xx_dac.o(.rrx_text), (6 bytes).
    Removing stm32f4xx_dac.o(i.DAC_ClearFlag), (16 bytes).
    Removing stm32f4xx_dac.o(i.DAC_ClearITPendingBit), (16 bytes).
    Removing stm32f4xx_dac.o(i.DAC_Cmd), (40 bytes).
    Removing stm32f4xx_dac.o(i.DAC_DMACmd), (44 bytes).
    Removing stm32f4xx_dac.o(i.DAC_DeInit), (22 bytes).
    Removing stm32f4xx_dac.o(i.DAC_DualSoftwareTriggerCmd), (36 bytes).
    Removing stm32f4xx_dac.o(i.DAC_GetDataOutputValue), (36 bytes).
    Removing stm32f4xx_dac.o(i.DAC_GetFlagStatus), (32 bytes).
    Removing stm32f4xx_dac.o(i.DAC_GetITStatus), (48 bytes).
    Removing stm32f4xx_dac.o(i.DAC_ITConfig), (40 bytes).
    Removing stm32f4xx_dac.o(i.DAC_Init), (52 bytes).
    Removing stm32f4xx_dac.o(i.DAC_SetChannel1Data), (32 bytes).
    Removing stm32f4xx_dac.o(i.DAC_SetChannel2Data), (32 bytes).
    Removing stm32f4xx_dac.o(i.DAC_SetDualChannelData), (36 bytes).
    Removing stm32f4xx_dac.o(i.DAC_SoftwareTriggerCmd), (44 bytes).
    Removing stm32f4xx_dac.o(i.DAC_StructInit), (12 bytes).
    Removing stm32f4xx_dac.o(i.DAC_WaveGenerationCmd), (40 bytes).
    Removing stm32f4xx_dbgmcu.o(.rev16_text), (4 bytes).
    Removing stm32f4xx_dbgmcu.o(.revsh_text), (4 bytes).
    Removing stm32f4xx_dbgmcu.o(.rrx_text), (6 bytes).
    Removing stm32f4xx_dbgmcu.o(i.DBGMCU_APB1PeriphConfig), (32 bytes).
    Removing stm32f4xx_dbgmcu.o(i.DBGMCU_APB2PeriphConfig), (32 bytes).
    Removing stm32f4xx_dbgmcu.o(i.DBGMCU_Config), (32 bytes).
    Removing stm32f4xx_dbgmcu.o(i.DBGMCU_GetDEVID), (16 bytes).
    Removing stm32f4xx_dbgmcu.o(i.DBGMCU_GetREVID), (12 bytes).
    Removing stm32f4xx_dcmi.o(.rev16_text), (4 bytes).
    Removing stm32f4xx_dcmi.o(.revsh_text), (4 bytes).
    Removing stm32f4xx_dcmi.o(.rrx_text), (6 bytes).
    Removing stm32f4xx_dcmi.o(i.DCMI_CROPCmd), (36 bytes).
    Removing stm32f4xx_dcmi.o(i.DCMI_CROPConfig), (32 bytes).
    Removing stm32f4xx_dcmi.o(i.DCMI_CaptureCmd), (36 bytes).
    Removing stm32f4xx_dcmi.o(i.DCMI_ClearFlag), (12 bytes).
    Removing stm32f4xx_dcmi.o(i.DCMI_ClearITPendingBit), (12 bytes).
    Removing stm32f4xx_dcmi.o(i.DCMI_Cmd), (36 bytes).
    Removing stm32f4xx_dcmi.o(i.DCMI_DeInit), (28 bytes).
    Removing stm32f4xx_dcmi.o(i.DCMI_GetFlagStatus), (52 bytes).
    Removing stm32f4xx_dcmi.o(i.DCMI_GetITStatus), (28 bytes).
    Removing stm32f4xx_dcmi.o(i.DCMI_ITConfig), (36 bytes).
    Removing stm32f4xx_dcmi.o(i.DCMI_Init), (64 bytes).
    Removing stm32f4xx_dcmi.o(i.DCMI_JPEGCmd), (36 bytes).
    Removing stm32f4xx_dcmi.o(i.DCMI_ReadData), (12 bytes).
    Removing stm32f4xx_dcmi.o(i.DCMI_SetEmbeddedSynchroCodes), (32 bytes).
    Removing stm32f4xx_dcmi.o(i.DCMI_StructInit), (18 bytes).
    Removing stm32f4xx_dfsdm.o(.rev16_text), (4 bytes).
    Removing stm32f4xx_dfsdm.o(.revsh_text), (4 bytes).
    Removing stm32f4xx_dfsdm.o(.rrx_text), (6 bytes).
    Removing stm32f4xx_dma.o(.rev16_text), (4 bytes).
    Removing stm32f4xx_dma.o(.revsh_text), (4 bytes).
    Removing stm32f4xx_dma.o(.rrx_text), (6 bytes).
    Removing stm32f4xx_dma.o(i.DMA_ClearFlag), (52 bytes).
    Removing stm32f4xx_dma.o(i.DMA_ClearITPendingBit), (52 bytes).
    Removing stm32f4xx_dma.o(i.DMA_Cmd), (22 bytes).
    Removing stm32f4xx_dma.o(i.DMA_DeInit), (344 bytes).
    Removing stm32f4xx_dma.o(i.DMA_DoubleBufferModeCmd), (22 bytes).
    Removing stm32f4xx_dma.o(i.DMA_DoubleBufferModeConfig), (24 bytes).
    Removing stm32f4xx_dma.o(i.DMA_FlowControllerConfig), (22 bytes).
    Removing stm32f4xx_dma.o(i.DMA_GetCmdStatus), (20 bytes).
    Removing stm32f4xx_dma.o(i.DMA_GetCurrDataCounter), (8 bytes).
    Removing stm32f4xx_dma.o(i.DMA_GetCurrentMemoryTarget), (20 bytes).
    Removing stm32f4xx_dma.o(i.DMA_GetFIFOStatus), (12 bytes).
    Removing stm32f4xx_dma.o(i.DMA_GetFlagStatus), (68 bytes).
    Removing stm32f4xx_dma.o(i.DMA_GetITStatus), (100 bytes).
    Removing stm32f4xx_dma.o(i.DMA_ITConfig), (58 bytes).
    Removing stm32f4xx_dma.o(i.DMA_Init), (88 bytes).
    Removing stm32f4xx_dma.o(i.DMA_MemoryTargetConfig), (10 bytes).
    Removing stm32f4xx_dma.o(i.DMA_PeriphIncOffsetSizeConfig), (22 bytes).
    Removing stm32f4xx_dma.o(i.DMA_SetCurrDataCounter), (4 bytes).
    Removing stm32f4xx_dma.o(i.DMA_StructInit), (34 bytes).
    Removing stm32f4xx_dma2d.o(.rev16_text), (4 bytes).
    Removing stm32f4xx_dma2d.o(.revsh_text), (4 bytes).
    Removing stm32f4xx_dma2d.o(.rrx_text), (6 bytes).
    Removing stm32f4xx_dma2d.o(i.DMA2D_AbortTransfer), (20 bytes).
    Removing stm32f4xx_dma2d.o(i.DMA2D_BGConfig), (184 bytes).
    Removing stm32f4xx_dma2d.o(i.DMA2D_BGStart), (36 bytes).
    Removing stm32f4xx_dma2d.o(i.DMA2D_BG_StructInit), (26 bytes).
    Removing stm32f4xx_dma2d.o(i.DMA2D_ClearFlag), (12 bytes).
    Removing stm32f4xx_dma2d.o(i.DMA2D_ClearITPendingBit), (12 bytes).
    Removing stm32f4xx_dma2d.o(i.DMA2D_DeInit), (22 bytes).
    Removing stm32f4xx_dma2d.o(i.DMA2D_DeadTimeConfig), (56 bytes).
    Removing stm32f4xx_dma2d.o(i.DMA2D_FGConfig), (184 bytes).
    Removing stm32f4xx_dma2d.o(i.DMA2D_FGStart), (36 bytes).
    Removing stm32f4xx_dma2d.o(i.DMA2D_FG_StructInit), (26 bytes).
    Removing stm32f4xx_dma2d.o(i.DMA2D_GetFlagStatus), (24 bytes).
    Removing stm32f4xx_dma2d.o(i.DMA2D_GetITStatus), (44 bytes).
    Removing stm32f4xx_dma2d.o(i.DMA2D_ITConfig), (32 bytes).
    Removing stm32f4xx_dma2d.o(i.DMA2D_Init), (228 bytes).
    Removing stm32f4xx_dma2d.o(i.DMA2D_LineWatermarkConfig), (12 bytes).
    Removing stm32f4xx_dma2d.o(i.DMA2D_StartTransfer), (20 bytes).
    Removing stm32f4xx_dma2d.o(i.DMA2D_StructInit), (24 bytes).
    Removing stm32f4xx_dma2d.o(i.DMA2D_Suspend), (36 bytes).
    Removing stm32f4xx_dsi.o(.rev16_text), (4 bytes).
    Removing stm32f4xx_dsi.o(.revsh_text), (4 bytes).
    Removing stm32f4xx_dsi.o(.rrx_text), (6 bytes).
    Removing stm32f4xx_exti.o(.rev16_text), (4 bytes).
    Removing stm32f4xx_exti.o(.revsh_text), (4 bytes).
    Removing stm32f4xx_exti.o(.rrx_text), (6 bytes).
    Removing stm32f4xx_exti.o(i.EXTI_ClearFlag), (12 bytes).
    Removing stm32f4xx_exti.o(i.EXTI_ClearITPendingBit), (12 bytes).
    Removing stm32f4xx_exti.o(i.EXTI_DeInit), (36 bytes).
    Removing stm32f4xx_exti.o(i.EXTI_GenerateSWInterrupt), (16 bytes).
    Removing stm32f4xx_exti.o(i.EXTI_GetFlagStatus), (24 bytes).
    Removing stm32f4xx_exti.o(i.EXTI_GetITStatus), (24 bytes).
    Removing stm32f4xx_exti.o(i.EXTI_Init), (148 bytes).
    Removing stm32f4xx_exti.o(i.EXTI_StructInit), (16 bytes).
    Removing stm32f4xx_flash.o(.rev16_text), (4 bytes).
    Removing stm32f4xx_flash.o(.revsh_text), (4 bytes).
    Removing stm32f4xx_flash.o(.rrx_text), (6 bytes).
    Removing stm32f4xx_flash.o(i.FLASH_ClearFlag), (12 bytes).
    Removing stm32f4xx_flash.o(i.FLASH_DataCacheCmd), (36 bytes).
    Removing stm32f4xx_flash.o(i.FLASH_DataCacheReset), (20 bytes).
    Removing stm32f4xx_flash.o(i.FLASH_EraseAllBank1Sectors), (108 bytes).
    Removing stm32f4xx_flash.o(i.FLASH_EraseAllBank2Sectors), (108 bytes).
    Removing stm32f4xx_flash.o(i.FLASH_EraseAllSectors), (108 bytes).
    Removing stm32f4xx_flash.o(i.FLASH_EraseSector), (136 bytes).
    Removing stm32f4xx_flash.o(i.FLASH_GetFlagStatus), (24 bytes).
    Removing stm32f4xx_flash.o(i.FLASH_GetStatus), (84 bytes).
    Removing stm32f4xx_flash.o(i.FLASH_ITConfig), (32 bytes).
    Removing stm32f4xx_flash.o(i.FLASH_InstructionCacheCmd), (36 bytes).
    Removing stm32f4xx_flash.o(i.FLASH_InstructionCacheReset), (20 bytes).
    Removing stm32f4xx_flash.o(i.FLASH_Lock), (20 bytes).
    Removing stm32f4xx_flash.o(i.FLASH_OB_BORConfig), (28 bytes).
    Removing stm32f4xx_flash.o(i.FLASH_OB_BootConfig), (28 bytes).
    Removing stm32f4xx_flash.o(i.FLASH_OB_GetBOR), (16 bytes).
    Removing stm32f4xx_flash.o(i.FLASH_OB_GetPCROP), (12 bytes).
    Removing stm32f4xx_flash.o(i.FLASH_OB_GetPCROP1), (12 bytes).
    Removing stm32f4xx_flash.o(i.FLASH_OB_GetRDP), (24 bytes).
    Removing stm32f4xx_flash.o(i.FLASH_OB_GetUser), (16 bytes).
    Removing stm32f4xx_flash.o(i.FLASH_OB_GetWRP), (12 bytes).
    Removing stm32f4xx_flash.o(i.FLASH_OB_GetWRP1), (12 bytes).
    Removing stm32f4xx_flash.o(i.FLASH_OB_Launch), (32 bytes).
    Removing stm32f4xx_flash.o(i.FLASH_OB_Lock), (20 bytes).
    Removing stm32f4xx_flash.o(i.FLASH_OB_PCROP1Config), (52 bytes).
    Removing stm32f4xx_flash.o(i.FLASH_OB_PCROPConfig), (52 bytes).
    Removing stm32f4xx_flash.o(i.FLASH_OB_PCROPSelectionConfig), (24 bytes).
    Removing stm32f4xx_flash.o(i.FLASH_OB_RDPConfig), (28 bytes).
    Removing stm32f4xx_flash.o(i.FLASH_OB_Unlock), (36 bytes).
    Removing stm32f4xx_flash.o(i.FLASH_OB_UserConfig), (48 bytes).
    Removing stm32f4xx_flash.o(i.FLASH_OB_WRP1Config), (52 bytes).
    Removing stm32f4xx_flash.o(i.FLASH_OB_WRPConfig), (52 bytes).
    Removing stm32f4xx_flash.o(i.FLASH_PrefetchBufferCmd), (36 bytes).
    Removing stm32f4xx_flash.o(i.FLASH_ProgramByte), (76 bytes).
    Removing stm32f4xx_flash.o(i.FLASH_ProgramDoubleWord), (84 bytes).
    Removing stm32f4xx_flash.o(i.FLASH_ProgramHalfWord), (80 bytes).
    Removing stm32f4xx_flash.o(i.FLASH_ProgramWord), (80 bytes).
    Removing stm32f4xx_flash.o(i.FLASH_SetLatency), (12 bytes).
    Removing stm32f4xx_flash.o(i.FLASH_Unlock), (36 bytes).
    Removing stm32f4xx_flash.o(i.FLASH_WaitForLastOperation), (34 bytes).
    Removing stm32f4xx_flash_ramfunc.o(.rev16_text), (4 bytes).
    Removing stm32f4xx_flash_ramfunc.o(.revsh_text), (4 bytes).
    Removing stm32f4xx_flash_ramfunc.o(.rrx_text), (6 bytes).
    Removing stm32f4xx_flash_ramfunc.o(i.FLASH_FlashInterfaceCmd), (36 bytes).
    Removing stm32f4xx_flash_ramfunc.o(i.FLASH_FlashSleepModeCmd), (36 bytes).
    Removing stm32f4xx_fmpi2c.o(.rev16_text), (4 bytes).
    Removing stm32f4xx_fmpi2c.o(.revsh_text), (4 bytes).
    Removing stm32f4xx_fmpi2c.o(.rrx_text), (6 bytes).
    Removing stm32f4xx_fsmc.o(.rev16_text), (4 bytes).
    Removing stm32f4xx_fsmc.o(.revsh_text), (4 bytes).
    Removing stm32f4xx_fsmc.o(.rrx_text), (6 bytes).
    Removing stm32f4xx_fsmc.o(i.FSMC_ClearFlag), (64 bytes).
    Removing stm32f4xx_fsmc.o(i.FSMC_ClearITPendingBit), (72 bytes).
    Removing stm32f4xx_fsmc.o(i.FSMC_GetECC), (28 bytes).
    Removing stm32f4xx_fsmc.o(i.FSMC_GetFlagStatus), (56 bytes).
    Removing stm32f4xx_fsmc.o(i.FSMC_GetITStatus), (68 bytes).
    Removing stm32f4xx_fsmc.o(i.FSMC_ITConfig), (128 bytes).
    Removing stm32f4xx_fsmc.o(i.FSMC_NANDCmd), (92 bytes).
    Removing stm32f4xx_fsmc.o(i.FSMC_NANDDeInit), (68 bytes).
    Removing stm32f4xx_fsmc.o(i.FSMC_NANDECCCmd), (92 bytes).
    Removing stm32f4xx_fsmc.o(i.FSMC_NANDInit), (212 bytes).
    Removing stm32f4xx_fsmc.o(i.FSMC_NANDStructInit), (54 bytes).
    Removing stm32f4xx_fsmc.o(i.FSMC_NORSRAMCmd), (52 bytes).
    Removing stm32f4xx_fsmc.o(i.FSMC_NORSRAMDeInit), (54 bytes).
    Removing stm32f4xx_fsmc.o(i.FSMC_NORSRAMInit), (292 bytes).
    Removing stm32f4xx_fsmc.o(i.FSMC_NORSRAMStructInit), (52 bytes).
    Removing stm32f4xx_fsmc.o(i.FSMC_PCCARDCmd), (48 bytes).
    Removing stm32f4xx_fsmc.o(i.FSMC_PCCARDDeInit), (40 bytes).
    Removing stm32f4xx_fsmc.o(i.FSMC_PCCARDInit), (196 bytes).
    Removing stm32f4xx_fsmc.o(i.FSMC_PCCARDStructInit), (60 bytes).
    Removing stm32f4xx_fsmc.o(.constdata), (28 bytes).
    Removing stm32f4xx_gpio.o(.rev16_text), (4 bytes).
    Removing stm32f4xx_gpio.o(.revsh_text), (4 bytes).
    Removing stm32f4xx_gpio.o(.rrx_text), (6 bytes).
    Removing stm32f4xx_gpio.o(i.GPIO_DeInit), (312 bytes).
    Removing stm32f4xx_gpio.o(i.GPIO_PinLockConfig), (34 bytes).
    Removing stm32f4xx_gpio.o(i.GPIO_ReadInputData), (8 bytes).
    Removing stm32f4xx_gpio.o(i.GPIO_ReadInputDataBit), (18 bytes).
    Removing stm32f4xx_gpio.o(i.GPIO_ReadOutputData), (8 bytes).
    Removing stm32f4xx_gpio.o(i.GPIO_ReadOutputDataBit), (18 bytes).
    Removing stm32f4xx_gpio.o(i.GPIO_ResetBits), (4 bytes).
    Removing stm32f4xx_gpio.o(i.GPIO_SetBits), (4 bytes).
    Removing stm32f4xx_gpio.o(i.GPIO_StructInit), (18 bytes).
    Removing stm32f4xx_gpio.o(i.GPIO_ToggleBits), (8 bytes).
    Removing stm32f4xx_gpio.o(i.GPIO_Write), (4 bytes).
    Removing stm32f4xx_gpio.o(i.GPIO_WriteBit), (10 bytes).
    Removing stm32f4xx_hash.o(.rev16_text), (4 bytes).
    Removing stm32f4xx_hash.o(.revsh_text), (4 bytes).
    Removing stm32f4xx_hash.o(.rrx_text), (6 bytes).
    Removing stm32f4xx_hash.o(i.HASH_AutoStartDigest), (36 bytes).
    Removing stm32f4xx_hash.o(i.HASH_ClearFlag), (12 bytes).
    Removing stm32f4xx_hash.o(i.HASH_ClearITPendingBit), (12 bytes).
    Removing stm32f4xx_hash.o(i.HASH_DMACmd), (36 bytes).
    Removing stm32f4xx_hash.o(i.HASH_DataIn), (12 bytes).
    Removing stm32f4xx_hash.o(i.HASH_DeInit), (20 bytes).
    Removing stm32f4xx_hash.o(i.HASH_GetDigest), (72 bytes).
    Removing stm32f4xx_hash.o(i.HASH_GetFlagStatus), (44 bytes).
    Removing stm32f4xx_hash.o(i.HASH_GetITStatus), (32 bytes).
    Removing stm32f4xx_hash.o(i.HASH_GetInFIFOWordsNbr), (16 bytes).
    Removing stm32f4xx_hash.o(i.HASH_ITConfig), (32 bytes).
    Removing stm32f4xx_hash.o(i.HASH_Init), (84 bytes).
    Removing stm32f4xx_hash.o(i.HASH_Reset), (20 bytes).
    Removing stm32f4xx_hash.o(i.HASH_RestoreContext), (68 bytes).
    Removing stm32f4xx_hash.o(i.HASH_SaveContext), (60 bytes).
    Removing stm32f4xx_hash.o(i.HASH_SetLastWordValidBitsNbr), (28 bytes).
    Removing stm32f4xx_hash.o(i.HASH_StartDigest), (20 bytes).
    Removing stm32f4xx_hash.o(i.HASH_StructInit), (12 bytes).
    Removing stm32f4xx_hash_md5.o(.rev16_text), (4 bytes).
    Removing stm32f4xx_hash_md5.o(.revsh_text), (4 bytes).
    Removing stm32f4xx_hash_md5.o(.rrx_text), (6 bytes).
    Removing stm32f4xx_hash_md5.o(i.HASH_MD5), (180 bytes).
    Removing stm32f4xx_hash_md5.o(i.HMAC_MD5), (354 bytes).
    Removing stm32f4xx_hash_sha1.o(.rev16_text), (4 bytes).
    Removing stm32f4xx_hash_sha1.o(.revsh_text), (4 bytes).
    Removing stm32f4xx_hash_sha1.o(.rrx_text), (6 bytes).
    Removing stm32f4xx_hash_sha1.o(i.HASH_SHA1), (186 bytes).
    Removing stm32f4xx_hash_sha1.o(i.HMAC_SHA1), (362 bytes).
    Removing stm32f4xx_i2c.o(.rev16_text), (4 bytes).
    Removing stm32f4xx_i2c.o(.revsh_text), (4 bytes).
    Removing stm32f4xx_i2c.o(.rrx_text), (6 bytes).
    Removing stm32f4xx_i2c.o(i.I2C_ARPCmd), (24 bytes).
    Removing stm32f4xx_i2c.o(i.I2C_AnalogFilterCmd), (24 bytes).
    Removing stm32f4xx_i2c.o(i.I2C_CalculatePEC), (24 bytes).
    Removing stm32f4xx_i2c.o(i.I2C_ClearFlag), (12 bytes).
    Removing stm32f4xx_i2c.o(i.I2C_ClearITPendingBit), (12 bytes).
    Removing stm32f4xx_i2c.o(i.I2C_DMACmd), (24 bytes).
    Removing stm32f4xx_i2c.o(i.I2C_DMALastTransferCmd), (24 bytes).
    Removing stm32f4xx_i2c.o(i.I2C_DeInit), (96 bytes).
    Removing stm32f4xx_i2c.o(i.I2C_DigitalFilterConfig), (22 bytes).
    Removing stm32f4xx_i2c.o(i.I2C_DualAddressCmd), (24 bytes).
    Removing stm32f4xx_i2c.o(i.I2C_FastModeDutyCycleConfig), (28 bytes).
    Removing stm32f4xx_i2c.o(i.I2C_GeneralCallCmd), (24 bytes).
    Removing stm32f4xx_i2c.o(i.I2C_GetFlagStatus), (58 bytes).
    Removing stm32f4xx_i2c.o(i.I2C_GetITStatus), (38 bytes).
    Removing stm32f4xx_i2c.o(i.I2C_GetLastEvent), (26 bytes).
    Removing stm32f4xx_i2c.o(i.I2C_GetPEC), (8 bytes).
    Removing stm32f4xx_i2c.o(i.I2C_ITConfig), (18 bytes).
    Removing stm32f4xx_i2c.o(i.I2C_NACKPositionConfig), (28 bytes).
    Removing stm32f4xx_i2c.o(i.I2C_OwnAddress2Config), (22 bytes).
    Removing stm32f4xx_i2c.o(i.I2C_PECPositionConfig), (28 bytes).
    Removing stm32f4xx_i2c.o(i.I2C_ReadRegister), (22 bytes).
    Removing stm32f4xx_i2c.o(i.I2C_SMBusAlertConfig), (28 bytes).
    Removing stm32f4xx_i2c.o(i.I2C_SoftwareResetCmd), (22 bytes).
    Removing stm32f4xx_i2c.o(i.I2C_StretchClockCmd), (24 bytes).
    Removing stm32f4xx_i2c.o(i.I2C_StructInit), (30 bytes).
    Removing stm32f4xx_i2c.o(i.I2C_TransmitPEC), (24 bytes).
    Removing stm32f4xx_iwdg.o(.rev16_text), (4 bytes).
    Removing stm32f4xx_iwdg.o(.revsh_text), (4 bytes).
    Removing stm32f4xx_iwdg.o(.rrx_text), (6 bytes).
    Removing stm32f4xx_iwdg.o(i.IWDG_Enable), (16 bytes).
    Removing stm32f4xx_iwdg.o(i.IWDG_GetFlagStatus), (24 bytes).
    Removing stm32f4xx_iwdg.o(i.IWDG_ReloadCounter), (16 bytes).
    Removing stm32f4xx_iwdg.o(i.IWDG_SetPrescaler), (12 bytes).
    Removing stm32f4xx_iwdg.o(i.IWDG_SetReload), (12 bytes).
    Removing stm32f4xx_iwdg.o(i.IWDG_WriteAccessCmd), (12 bytes).
    Removing stm32f4xx_lptim.o(.rev16_text), (4 bytes).
    Removing stm32f4xx_lptim.o(.revsh_text), (4 bytes).
    Removing stm32f4xx_lptim.o(.rrx_text), (6 bytes).
    Removing stm32f4xx_ltdc.o(.rev16_text), (4 bytes).
    Removing stm32f4xx_ltdc.o(.revsh_text), (4 bytes).
    Removing stm32f4xx_ltdc.o(.rrx_text), (6 bytes).
    Removing stm32f4xx_ltdc.o(i.LTDC_CLUTCmd), (32 bytes).
    Removing stm32f4xx_ltdc.o(i.LTDC_CLUTInit), (32 bytes).
    Removing stm32f4xx_ltdc.o(i.LTDC_CLUTStructInit), (12 bytes).
    Removing stm32f4xx_ltdc.o(i.LTDC_ClearFlag), (12 bytes).
    Removing stm32f4xx_ltdc.o(i.LTDC_ClearITPendingBit), (12 bytes).
    Removing stm32f4xx_ltdc.o(i.LTDC_Cmd), (36 bytes).
    Removing stm32f4xx_ltdc.o(i.LTDC_ColorKeyingConfig), (68 bytes).
    Removing stm32f4xx_ltdc.o(i.LTDC_ColorKeyingStructInit), (10 bytes).
    Removing stm32f4xx_ltdc.o(i.LTDC_DeInit), (22 bytes).
    Removing stm32f4xx_ltdc.o(i.LTDC_DitherCmd), (36 bytes).
    Removing stm32f4xx_ltdc.o(i.LTDC_GetCDStatus), (24 bytes).
    Removing stm32f4xx_ltdc.o(i.LTDC_GetFlagStatus), (24 bytes).
    Removing stm32f4xx_ltdc.o(i.LTDC_GetITStatus), (44 bytes).
    Removing stm32f4xx_ltdc.o(i.LTDC_GetPosStatus), (44 bytes).
    Removing stm32f4xx_ltdc.o(i.LTDC_GetRGBWidth), (64 bytes).
    Removing stm32f4xx_ltdc.o(i.LTDC_ITConfig), (32 bytes).
    Removing stm32f4xx_ltdc.o(i.LTDC_Init), (392 bytes).
    Removing stm32f4xx_ltdc.o(i.LTDC_LIPConfig), (12 bytes).
    Removing stm32f4xx_ltdc.o(i.LTDC_LayerAddress), (4 bytes).
    Removing stm32f4xx_ltdc.o(i.LTDC_LayerAlpha), (4 bytes).
    Removing stm32f4xx_ltdc.o(i.LTDC_LayerCmd), (22 bytes).
    Removing stm32f4xx_ltdc.o(i.LTDC_LayerInit), (276 bytes).
    Removing stm32f4xx_ltdc.o(i.LTDC_LayerPixelFormat), (106 bytes).
    Removing stm32f4xx_ltdc.o(i.LTDC_LayerPosition), (160 bytes).
    Removing stm32f4xx_ltdc.o(i.LTDC_LayerSize), (116 bytes).
    Removing stm32f4xx_ltdc.o(i.LTDC_LayerStructInit), (48 bytes).
    Removing stm32f4xx_ltdc.o(i.LTDC_PosStructInit), (8 bytes).
    Removing stm32f4xx_ltdc.o(i.LTDC_RGBStructInit), (10 bytes).
    Removing stm32f4xx_ltdc.o(i.LTDC_ReloadConfig), (12 bytes).
    Removing stm32f4xx_ltdc.o(i.LTDC_StructInit), (34 bytes).
    Removing stm32f4xx_pwr.o(.rev16_text), (4 bytes).
    Removing stm32f4xx_pwr.o(.revsh_text), (4 bytes).
    Removing stm32f4xx_pwr.o(.rrx_text), (6 bytes).
    Removing stm32f4xx_pwr.o(i.PWR_BackupAccessCmd), (12 bytes).
    Removing stm32f4xx_pwr.o(i.PWR_BackupRegulatorCmd), (12 bytes).
    Removing stm32f4xx_pwr.o(i.PWR_ClearFlag), (20 bytes).
    Removing stm32f4xx_pwr.o(i.PWR_DeInit), (22 bytes).
    Removing stm32f4xx_pwr.o(i.PWR_EnterSTANDBYMode), (40 bytes).
    Removing stm32f4xx_pwr.o(i.PWR_EnterSTOPMode), (68 bytes).
    Removing stm32f4xx_pwr.o(i.PWR_EnterUnderDriveSTOPMode), (68 bytes).
    Removing stm32f4xx_pwr.o(i.PWR_FlashPowerDownCmd), (12 bytes).
    Removing stm32f4xx_pwr.o(i.PWR_GetFlagStatus), (24 bytes).
    Removing stm32f4xx_pwr.o(i.PWR_MainRegulatorModeConfig), (24 bytes).
    Removing stm32f4xx_pwr.o(i.PWR_OverDriveCmd), (12 bytes).
    Removing stm32f4xx_pwr.o(i.PWR_OverDriveSWCmd), (12 bytes).
    Removing stm32f4xx_pwr.o(i.PWR_PVDCmd), (12 bytes).
    Removing stm32f4xx_pwr.o(i.PWR_PVDLevelConfig), (24 bytes).
    Removing stm32f4xx_pwr.o(i.PWR_UnderDriveCmd), (36 bytes).
    Removing stm32f4xx_pwr.o(i.PWR_WakeUpPinCmd), (12 bytes).
    Removing stm32f4xx_qspi.o(.rev16_text), (4 bytes).
    Removing stm32f4xx_qspi.o(.revsh_text), (4 bytes).
    Removing stm32f4xx_qspi.o(.rrx_text), (6 bytes).
    Removing stm32f4xx_rcc.o(.rev16_text), (4 bytes).
    Removing stm32f4xx_rcc.o(.revsh_text), (4 bytes).
    Removing stm32f4xx_rcc.o(.rrx_text), (6 bytes).
    Removing stm32f4xx_rcc.o(i.RCC_AHB1PeriphClockLPModeCmd), (32 bytes).
    Removing stm32f4xx_rcc.o(i.RCC_AHB1PeriphResetCmd), (32 bytes).
    Removing stm32f4xx_rcc.o(i.RCC_AHB2PeriphClockCmd), (32 bytes).
    Removing stm32f4xx_rcc.o(i.RCC_AHB2PeriphClockLPModeCmd), (32 bytes).
    Removing stm32f4xx_rcc.o(i.RCC_AHB2PeriphResetCmd), (32 bytes).
    Removing stm32f4xx_rcc.o(i.RCC_AHB3PeriphClockCmd), (32 bytes).
    Removing stm32f4xx_rcc.o(i.RCC_AHB3PeriphClockLPModeCmd), (32 bytes).
    Removing stm32f4xx_rcc.o(i.RCC_AHB3PeriphResetCmd), (32 bytes).
    Removing stm32f4xx_rcc.o(i.RCC_APB1PeriphClockLPModeCmd), (32 bytes).
    Removing stm32f4xx_rcc.o(i.RCC_APB1PeriphResetCmd), (32 bytes).
    Removing stm32f4xx_rcc.o(i.RCC_APB2PeriphClockCmd), (32 bytes).
    Removing stm32f4xx_rcc.o(i.RCC_APB2PeriphClockLPModeCmd), (32 bytes).
    Removing stm32f4xx_rcc.o(i.RCC_APB2PeriphResetCmd), (32 bytes).
    Removing stm32f4xx_rcc.o(i.RCC_AdjustHSICalibrationValue), (24 bytes).
    Removing stm32f4xx_rcc.o(i.RCC_BackupResetCmd), (12 bytes).
    Removing stm32f4xx_rcc.o(i.RCC_ClearFlag), (20 bytes).
    Removing stm32f4xx_rcc.o(i.RCC_ClearITPendingBit), (12 bytes).
    Removing stm32f4xx_rcc.o(i.RCC_ClockSecuritySystemCmd), (12 bytes).
    Removing stm32f4xx_rcc.o(i.RCC_DeInit), (100 bytes).
    Removing stm32f4xx_rcc.o(i.RCC_GetFlagStatus), (64 bytes).
    Removing stm32f4xx_rcc.o(i.RCC_GetITStatus), (24 bytes).
    Removing stm32f4xx_rcc.o(i.RCC_GetSYSCLKSource), (16 bytes).
    Removing stm32f4xx_rcc.o(i.RCC_HCLKConfig), (24 bytes).
    Removing stm32f4xx_rcc.o(i.RCC_HSEConfig), (16 bytes).
    Removing stm32f4xx_rcc.o(i.RCC_HSICmd), (12 bytes).
    Removing stm32f4xx_rcc.o(i.RCC_I2SCLKConfig), (12 bytes).
    Removing stm32f4xx_rcc.o(i.RCC_ITConfig), (32 bytes).
    Removing stm32f4xx_rcc.o(i.RCC_LSEConfig), (44 bytes).
    Removing stm32f4xx_rcc.o(i.RCC_LSEModeConfig), (36 bytes).
    Removing stm32f4xx_rcc.o(i.RCC_LSICmd), (12 bytes).
    Removing stm32f4xx_rcc.o(i.RCC_LTDCCLKDivConfig), (24 bytes).
    Removing stm32f4xx_rcc.o(i.RCC_MCO1Config), (28 bytes).
    Removing stm32f4xx_rcc.o(i.RCC_MCO2Config), (28 bytes).
    Removing stm32f4xx_rcc.o(i.RCC_PCLK1Config), (24 bytes).
    Removing stm32f4xx_rcc.o(i.RCC_PCLK2Config), (24 bytes).
    Removing stm32f4xx_rcc.o(i.RCC_PLLCmd), (12 bytes).
    Removing stm32f4xx_rcc.o(i.RCC_PLLConfig), (36 bytes).
    Removing stm32f4xx_rcc.o(i.RCC_PLLI2SCmd), (12 bytes).
    Removing stm32f4xx_rcc.o(i.RCC_PLLI2SConfig), (16 bytes).
    Removing stm32f4xx_rcc.o(i.RCC_PLLSAICmd), (12 bytes).
    Removing stm32f4xx_rcc.o(i.RCC_PLLSAIConfig), (24 bytes).
    Removing stm32f4xx_rcc.o(i.RCC_RTCCLKCmd), (12 bytes).
    Removing stm32f4xx_rcc.o(i.RCC_RTCCLKConfig), (60 bytes).
    Removing stm32f4xx_rcc.o(i.RCC_SAIBlockACLKConfig), (24 bytes).
    Removing stm32f4xx_rcc.o(i.RCC_SAIBlockBCLKConfig), (24 bytes).
    Removing stm32f4xx_rcc.o(i.RCC_SAIPLLI2SClkDivConfig), (28 bytes).
    Removing stm32f4xx_rcc.o(i.RCC_SAIPLLSAIClkDivConfig), (28 bytes).
    Removing stm32f4xx_rcc.o(i.RCC_SYSCLKConfig), (24 bytes).
    Removing stm32f4xx_rcc.o(i.RCC_TIMCLKPresConfig), (12 bytes).
    Removing stm32f4xx_rcc.o(i.RCC_WaitForHSEStartUp), (56 bytes).
    Removing stm32f4xx_rng.o(.rev16_text), (4 bytes).
    Removing stm32f4xx_rng.o(.revsh_text), (4 bytes).
    Removing stm32f4xx_rng.o(.rrx_text), (6 bytes).
    Removing stm32f4xx_rng.o(i.RNG_ClearFlag), (16 bytes).
    Removing stm32f4xx_rng.o(i.RNG_ClearITPendingBit), (16 bytes).
    Removing stm32f4xx_rng.o(i.RNG_Cmd), (36 bytes).
    Removing stm32f4xx_rng.o(i.RNG_DeInit), (20 bytes).
    Removing stm32f4xx_rng.o(i.RNG_GetFlagStatus), (24 bytes).
    Removing stm32f4xx_rng.o(i.RNG_GetITStatus), (24 bytes).
    Removing stm32f4xx_rng.o(i.RNG_GetRandomNumber), (12 bytes).
    Removing stm32f4xx_rng.o(i.RNG_ITConfig), (36 bytes).
    Removing stm32f4xx_rtc.o(.rev16_text), (4 bytes).
    Removing stm32f4xx_rtc.o(.revsh_text), (4 bytes).
    Removing stm32f4xx_rtc.o(.rrx_text), (6 bytes).
    Removing stm32f4xx_rtc.o(i.RTC_AlarmCmd), (116 bytes).
    Removing stm32f4xx_rtc.o(i.RTC_AlarmStructInit), (22 bytes).
    Removing stm32f4xx_rtc.o(i.RTC_AlarmSubSecondConfig), (52 bytes).
    Removing stm32f4xx_rtc.o(i.RTC_Bcd2ToByte), (22 bytes).
    Removing stm32f4xx_rtc.o(i.RTC_BypassShadowCmd), (60 bytes).
    Removing stm32f4xx_rtc.o(i.RTC_ByteToBcd2), (28 bytes).
    Removing stm32f4xx_rtc.o(i.RTC_CalibOutputCmd), (60 bytes).
    Removing stm32f4xx_rtc.o(i.RTC_CalibOutputConfig), (48 bytes).
    Removing stm32f4xx_rtc.o(i.RTC_ClearFlag), (28 bytes).
    Removing stm32f4xx_rtc.o(i.RTC_ClearITPendingBit), (32 bytes).
    Removing stm32f4xx_rtc.o(i.RTC_CoarseCalibCmd), (80 bytes).
    Removing stm32f4xx_rtc.o(i.RTC_CoarseCalibConfig), (56 bytes).
    Removing stm32f4xx_rtc.o(i.RTC_DateStructInit), (14 bytes).
    Removing stm32f4xx_rtc.o(i.RTC_DayLightSavingConfig), (56 bytes).
    Removing stm32f4xx_rtc.o(i.RTC_DeInit), (212 bytes).
    Removing stm32f4xx_rtc.o(i.RTC_EnterInitMode), (80 bytes).
    Removing stm32f4xx_rtc.o(i.RTC_ExitInitMode), (20 bytes).
    Removing stm32f4xx_rtc.o(i.RTC_GetAlarm), (116 bytes).
    Removing stm32f4xx_rtc.o(i.RTC_GetAlarmSubSecond), (36 bytes).
    Removing stm32f4xx_rtc.o(i.RTC_GetDate), (76 bytes).
    Removing stm32f4xx_rtc.o(i.RTC_GetFlagStatus), (40 bytes).
    Removing stm32f4xx_rtc.o(i.RTC_GetITStatus), (68 bytes).
    Removing stm32f4xx_rtc.o(i.RTC_GetStoreOperation), (16 bytes).
    Removing stm32f4xx_rtc.o(i.RTC_GetSubSecond), (20 bytes).
    Removing stm32f4xx_rtc.o(i.RTC_GetTime), (80 bytes).
    Removing stm32f4xx_rtc.o(i.RTC_GetTimeStamp), (156 bytes).
    Removing stm32f4xx_rtc.o(i.RTC_GetTimeStampSubSecond), (12 bytes).
    Removing stm32f4xx_rtc.o(i.RTC_GetWakeUpCounter), (12 bytes).
    Removing stm32f4xx_rtc.o(i.RTC_ITConfig), (100 bytes).
    Removing stm32f4xx_rtc.o(i.RTC_Init), (100 bytes).
    Removing stm32f4xx_rtc.o(i.RTC_OutputConfig), (56 bytes).
    Removing stm32f4xx_rtc.o(i.RTC_OutputTypeConfig), (28 bytes).
    Removing stm32f4xx_rtc.o(i.RTC_ReadBackupRegister), (32 bytes).
    Removing stm32f4xx_rtc.o(i.RTC_RefClockCmd), (80 bytes).
    Removing stm32f4xx_rtc.o(i.RTC_SetAlarm), (236 bytes).
    Removing stm32f4xx_rtc.o(i.RTC_SetDate), (200 bytes).
    Removing stm32f4xx_rtc.o(i.RTC_SetTime), (208 bytes).
    Removing stm32f4xx_rtc.o(i.RTC_SetWakeUpCounter), (28 bytes).
    Removing stm32f4xx_rtc.o(i.RTC_SmoothCalibConfig), (96 bytes).
    Removing stm32f4xx_rtc.o(i.RTC_StructInit), (14 bytes).
    Removing stm32f4xx_rtc.o(i.RTC_SynchroShiftConfig), (124 bytes).
    Removing stm32f4xx_rtc.o(i.RTC_TamperCmd), (32 bytes).
    Removing stm32f4xx_rtc.o(i.RTC_TamperFilterConfig), (28 bytes).
    Removing stm32f4xx_rtc.o(i.RTC_TamperPinSelection), (28 bytes).
    Removing stm32f4xx_rtc.o(i.RTC_TamperPinsPrechargeDuration), (28 bytes).
    Removing stm32f4xx_rtc.o(i.RTC_TamperPullUpCmd), (36 bytes).
    Removing stm32f4xx_rtc.o(i.RTC_TamperSamplingFreqConfig), (28 bytes).
    Removing stm32f4xx_rtc.o(i.RTC_TamperTriggerConfig), (36 bytes).
    Removing stm32f4xx_rtc.o(i.RTC_TimeStampCmd), (56 bytes).
    Removing stm32f4xx_rtc.o(i.RTC_TimeStampOnTamperDetectionCmd), (36 bytes).
    Removing stm32f4xx_rtc.o(i.RTC_TimeStampPinSelection), (28 bytes).
    Removing stm32f4xx_rtc.o(i.RTC_TimeStructInit), (12 bytes).
    Removing stm32f4xx_rtc.o(i.RTC_WaitForSynchro), (96 bytes).
    Removing stm32f4xx_rtc.o(i.RTC_WakeUpClockConfig), (48 bytes).
    Removing stm32f4xx_rtc.o(i.RTC_WakeUpCmd), (120 bytes).
    Removing stm32f4xx_rtc.o(i.RTC_WriteBackupRegister), (28 bytes).
    Removing stm32f4xx_rtc.o(i.RTC_WriteProtectionCmd), (28 bytes).
    Removing stm32f4xx_sai.o(.rev16_text), (4 bytes).
    Removing stm32f4xx_sai.o(.revsh_text), (4 bytes).
    Removing stm32f4xx_sai.o(.rrx_text), (6 bytes).
    Removing stm32f4xx_sai.o(i.SAI_ClearFlag), (8 bytes).
    Removing stm32f4xx_sai.o(i.SAI_ClearITPendingBit), (8 bytes).
    Removing stm32f4xx_sai.o(i.SAI_Cmd), (22 bytes).
    Removing stm32f4xx_sai.o(i.SAI_CompandingModeConfig), (16 bytes).
    Removing stm32f4xx_sai.o(i.SAI_DMACmd), (22 bytes).
    Removing stm32f4xx_sai.o(i.SAI_DeInit), (36 bytes).
    Removing stm32f4xx_sai.o(i.SAI_FlushFIFO), (10 bytes).
    Removing stm32f4xx_sai.o(i.SAI_FrameInit), (44 bytes).
    Removing stm32f4xx_sai.o(i.SAI_FrameStructInit), (18 bytes).
    Removing stm32f4xx_sai.o(i.SAI_GetCmdStatus), (20 bytes).
    Removing stm32f4xx_sai.o(i.SAI_GetFIFOStatus), (12 bytes).
    Removing stm32f4xx_sai.o(i.SAI_GetFlagStatus), (18 bytes).
    Removing stm32f4xx_sai.o(i.SAI_GetITStatus), (30 bytes).
    Removing stm32f4xx_sai.o(i.SAI_ITConfig), (18 bytes).
    Removing stm32f4xx_sai.o(i.SAI_Init), (72 bytes).
    Removing stm32f4xx_sai.o(i.SAI_MonoModeConfig), (18 bytes).
    Removing stm32f4xx_sai.o(i.SAI_MuteFrameCounterConfig), (18 bytes).
    Removing stm32f4xx_sai.o(i.SAI_MuteModeCmd), (22 bytes).
    Removing stm32f4xx_sai.o(i.SAI_MuteValueConfig), (16 bytes).
    Removing stm32f4xx_sai.o(i.SAI_ReceiveData), (6 bytes).
    Removing stm32f4xx_sai.o(i.SAI_SendData), (4 bytes).
    Removing stm32f4xx_sai.o(i.SAI_SlotInit), (36 bytes).
    Removing stm32f4xx_sai.o(i.SAI_SlotStructInit), (16 bytes).
    Removing stm32f4xx_sai.o(i.SAI_StructInit), (28 bytes).
    Removing stm32f4xx_sai.o(i.SAI_TRIStateConfig), (18 bytes).
    Removing stm32f4xx_sdio.o(.rev16_text), (4 bytes).
    Removing stm32f4xx_sdio.o(.revsh_text), (4 bytes).
    Removing stm32f4xx_sdio.o(.rrx_text), (6 bytes).
    Removing stm32f4xx_sdio.o(i.SDIO_CEATAITCmd), (16 bytes).
    Removing stm32f4xx_sdio.o(i.SDIO_ClearFlag), (12 bytes).
    Removing stm32f4xx_sdio.o(i.SDIO_ClearITPendingBit), (12 bytes).
    Removing stm32f4xx_sdio.o(i.SDIO_ClockCmd), (12 bytes).
    Removing stm32f4xx_sdio.o(i.SDIO_CmdStructInit), (14 bytes).
    Removing stm32f4xx_sdio.o(i.SDIO_CommandCompletionCmd), (12 bytes).
    Removing stm32f4xx_sdio.o(i.SDIO_DMACmd), (12 bytes).
    Removing stm32f4xx_sdio.o(i.SDIO_DataConfig), (52 bytes).
    Removing stm32f4xx_sdio.o(i.SDIO_DataStructInit), (20 bytes).
    Removing stm32f4xx_sdio.o(i.SDIO_DeInit), (22 bytes).
    Removing stm32f4xx_sdio.o(i.SDIO_GetCommandResponse), (12 bytes).
    Removing stm32f4xx_sdio.o(i.SDIO_GetDataCounter), (12 bytes).
    Removing stm32f4xx_sdio.o(i.SDIO_GetFIFOCount), (12 bytes).
    Removing stm32f4xx_sdio.o(i.SDIO_GetFlagStatus), (24 bytes).
    Removing stm32f4xx_sdio.o(i.SDIO_GetITStatus), (24 bytes).
    Removing stm32f4xx_sdio.o(i.SDIO_GetPowerState), (16 bytes).
    Removing stm32f4xx_sdio.o(i.SDIO_GetResponse), (24 bytes).
    Removing stm32f4xx_sdio.o(i.SDIO_ITConfig), (32 bytes).
    Removing stm32f4xx_sdio.o(i.SDIO_Init), (48 bytes).
    Removing stm32f4xx_sdio.o(i.SDIO_ReadData), (12 bytes).
    Removing stm32f4xx_sdio.o(i.SDIO_SendCEATACmd), (12 bytes).
    Removing stm32f4xx_sdio.o(i.SDIO_SendCommand), (44 bytes).
    Removing stm32f4xx_sdio.o(i.SDIO_SendSDIOSuspendCmd), (12 bytes).
    Removing stm32f4xx_sdio.o(i.SDIO_SetPowerState), (12 bytes).
    Removing stm32f4xx_sdio.o(i.SDIO_SetSDIOOperation), (12 bytes).
    Removing stm32f4xx_sdio.o(i.SDIO_SetSDIOReadWaitMode), (12 bytes).
    Removing stm32f4xx_sdio.o(i.SDIO_StartSDIOReadWait), (12 bytes).
    Removing stm32f4xx_sdio.o(i.SDIO_StopSDIOReadWait), (12 bytes).
    Removing stm32f4xx_sdio.o(i.SDIO_StructInit), (16 bytes).
    Removing stm32f4xx_sdio.o(i.SDIO_WriteData), (12 bytes).
    Removing stm32f4xx_spdifrx.o(.rev16_text), (4 bytes).
    Removing stm32f4xx_spdifrx.o(.revsh_text), (4 bytes).
    Removing stm32f4xx_spdifrx.o(.rrx_text), (6 bytes).
    Removing stm32f4xx_spi.o(.rev16_text), (4 bytes).
    Removing stm32f4xx_spi.o(.revsh_text), (4 bytes).
    Removing stm32f4xx_spi.o(.rrx_text), (6 bytes).
    Removing stm32f4xx_spi.o(i.I2S_Cmd), (24 bytes).
    Removing stm32f4xx_spi.o(i.I2S_FullDuplexConfig), (80 bytes).
    Removing stm32f4xx_spi.o(i.I2S_Init), (408 bytes).
    Removing stm32f4xx_spi.o(i.I2S_StructInit), (20 bytes).
    Removing stm32f4xx_spi.o(i.SPI_BiDirectionalLineConfig), (28 bytes).
    Removing stm32f4xx_spi.o(i.SPI_CalculateCRC), (24 bytes).
    Removing stm32f4xx_spi.o(i.SPI_Cmd), (24 bytes).
    Removing stm32f4xx_spi.o(i.SPI_DataSizeConfig), (18 bytes).
    Removing stm32f4xx_spi.o(i.SPI_GetCRC), (16 bytes).
    Removing stm32f4xx_spi.o(i.SPI_GetCRCPolynomial), (6 bytes).
    Removing stm32f4xx_spi.o(i.SPI_I2S_ClearFlag), (6 bytes).
    Removing stm32f4xx_spi.o(i.SPI_I2S_ClearITPendingBit), (20 bytes).
    Removing stm32f4xx_spi.o(i.SPI_I2S_DMACmd), (18 bytes).
    Removing stm32f4xx_spi.o(i.SPI_I2S_DeInit), (176 bytes).
    Removing stm32f4xx_spi.o(i.SPI_I2S_GetFlagStatus), (18 bytes).
    Removing stm32f4xx_spi.o(i.SPI_I2S_GetITStatus), (52 bytes).
    Removing stm32f4xx_spi.o(i.SPI_I2S_ITConfig), (32 bytes).
    Removing stm32f4xx_spi.o(i.SPI_I2S_ReceiveData), (6 bytes).
    Removing stm32f4xx_spi.o(i.SPI_I2S_SendData), (4 bytes).
    Removing stm32f4xx_spi.o(i.SPI_Init), (60 bytes).
    Removing stm32f4xx_spi.o(i.SPI_NSSInternalSoftwareConfig), (30 bytes).
    Removing stm32f4xx_spi.o(i.SPI_SSOutputCmd), (24 bytes).
    Removing stm32f4xx_spi.o(i.SPI_StructInit), (24 bytes).
    Removing stm32f4xx_spi.o(i.SPI_TIModeCmd), (24 bytes).
    Removing stm32f4xx_spi.o(i.SPI_TransmitCRC), (10 bytes).
    Removing stm32f4xx_syscfg.o(.rev16_text), (4 bytes).
    Removing stm32f4xx_syscfg.o(.revsh_text), (4 bytes).
    Removing stm32f4xx_syscfg.o(.rrx_text), (6 bytes).
    Removing stm32f4xx_syscfg.o(i.SYSCFG_CompensationCellCmd), (12 bytes).
    Removing stm32f4xx_syscfg.o(i.SYSCFG_DeInit), (22 bytes).
    Removing stm32f4xx_syscfg.o(i.SYSCFG_ETH_MediaInterfaceConfig), (12 bytes).
    Removing stm32f4xx_syscfg.o(i.SYSCFG_EXTILineConfig), (64 bytes).
    Removing stm32f4xx_syscfg.o(i.SYSCFG_GetCompensationCellStatus), (24 bytes).
    Removing stm32f4xx_syscfg.o(i.SYSCFG_MemoryRemapConfig), (12 bytes).
    Removing stm32f4xx_syscfg.o(i.SYSCFG_MemorySwappingBank), (12 bytes).
    Removing stm32f4xx_tim.o(.rev16_text), (4 bytes).
    Removing stm32f4xx_tim.o(.revsh_text), (4 bytes).
    Removing stm32f4xx_tim.o(.rrx_text), (6 bytes).
    Removing stm32f4xx_tim.o(i.TI1_Config), (58 bytes).
    Removing stm32f4xx_tim.o(i.TI2_Config), (80 bytes).
    Removing stm32f4xx_tim.o(i.TI3_Config), (72 bytes).
    Removing stm32f4xx_tim.o(i.TI4_Config), (80 bytes).
    Removing stm32f4xx_tim.o(i.TIM_ARRPreloadConfig), (24 bytes).
    Removing stm32f4xx_tim.o(i.TIM_BDTRConfig), (32 bytes).
    Removing stm32f4xx_tim.o(i.TIM_BDTRStructInit), (18 bytes).
    Removing stm32f4xx_tim.o(i.TIM_CCPreloadControl), (24 bytes).
    Removing stm32f4xx_tim.o(i.TIM_CCxCmd), (30 bytes).
    Removing stm32f4xx_tim.o(i.TIM_CCxNCmd), (30 bytes).
    Removing stm32f4xx_tim.o(i.TIM_ClearFlag), (6 bytes).
    Removing stm32f4xx_tim.o(i.TIM_ClearITPendingBit), (6 bytes).
    Removing stm32f4xx_tim.o(i.TIM_ClearOC1Ref), (18 bytes).
    Removing stm32f4xx_tim.o(i.TIM_ClearOC2Ref), (24 bytes).
    Removing stm32f4xx_tim.o(i.TIM_ClearOC3Ref), (18 bytes).
    Removing stm32f4xx_tim.o(i.TIM_ClearOC4Ref), (24 bytes).
    Removing stm32f4xx_tim.o(i.TIM_Cmd), (24 bytes).
    Removing stm32f4xx_tim.o(i.TIM_CounterModeConfig), (18 bytes).
    Removing stm32f4xx_tim.o(i.TIM_CtrlPWMOutputs), (30 bytes).
    Removing stm32f4xx_tim.o(i.TIM_DMACmd), (18 bytes).
    Removing stm32f4xx_tim.o(i.TIM_DMAConfig), (10 bytes).
    Removing stm32f4xx_tim.o(i.TIM_DeInit), (400 bytes).
    Removing stm32f4xx_tim.o(i.TIM_ETRClockMode1Config), (54 bytes).
    Removing stm32f4xx_tim.o(i.TIM_ETRClockMode2Config), (32 bytes).
    Removing stm32f4xx_tim.o(i.TIM_ETRConfig), (28 bytes).
    Removing stm32f4xx_tim.o(i.TIM_EncoderInterfaceConfig), (66 bytes).
    Removing stm32f4xx_tim.o(i.TIM_ForcedOC1Config), (18 bytes).
    Removing stm32f4xx_tim.o(i.TIM_ForcedOC2Config), (26 bytes).
    Removing stm32f4xx_tim.o(i.TIM_ForcedOC3Config), (18 bytes).
    Removing stm32f4xx_tim.o(i.TIM_ForcedOC4Config), (26 bytes).
    Removing stm32f4xx_tim.o(i.TIM_GenerateEvent), (4 bytes).
    Removing stm32f4xx_tim.o(i.TIM_GetCapture1), (6 bytes).
    Removing stm32f4xx_tim.o(i.TIM_GetCapture2), (6 bytes).
    Removing stm32f4xx_tim.o(i.TIM_GetCapture3), (6 bytes).
    Removing stm32f4xx_tim.o(i.TIM_GetCapture4), (6 bytes).
    Removing stm32f4xx_tim.o(i.TIM_GetCounter), (6 bytes).
    Removing stm32f4xx_tim.o(i.TIM_GetFlagStatus), (18 bytes).
    Removing stm32f4xx_tim.o(i.TIM_GetITStatus), (34 bytes).
    Removing stm32f4xx_tim.o(i.TIM_GetPrescaler), (6 bytes).
    Removing stm32f4xx_tim.o(i.TIM_ICInit), (110 bytes).
    Removing stm32f4xx_tim.o(i.TIM_ICStructInit), (18 bytes).
    Removing stm32f4xx_tim.o(i.TIM_ITConfig), (18 bytes).
    Removing stm32f4xx_tim.o(i.TIM_ITRxExternalClockConfig), (24 bytes).
    Removing stm32f4xx_tim.o(i.TIM_InternalClockConfig), (12 bytes).
    Removing stm32f4xx_tim.o(i.TIM_OC1FastConfig), (18 bytes).
    Removing stm32f4xx_tim.o(i.TIM_OC1Init), (124 bytes).
    Removing stm32f4xx_tim.o(i.TIM_OC1NPolarityConfig), (18 bytes).
    Removing stm32f4xx_tim.o(i.TIM_OC1PolarityConfig), (18 bytes).
    Removing stm32f4xx_tim.o(i.TIM_OC1PreloadConfig), (18 bytes).
    Removing stm32f4xx_tim.o(i.TIM_OC2FastConfig), (26 bytes).
    Removing stm32f4xx_tim.o(i.TIM_OC2Init), (164 bytes).
    Removing stm32f4xx_tim.o(i.TIM_OC2NPolarityConfig), (26 bytes).
    Removing stm32f4xx_tim.o(i.TIM_OC2PolarityConfig), (26 bytes).
    Removing stm32f4xx_tim.o(i.TIM_OC2PreloadConfig), (26 bytes).
    Removing stm32f4xx_tim.o(i.TIM_OC3FastConfig), (18 bytes).
    Removing stm32f4xx_tim.o(i.TIM_OC3Init), (160 bytes).
    Removing stm32f4xx_tim.o(i.TIM_OC3NPolarityConfig), (26 bytes).
    Removing stm32f4xx_tim.o(i.TIM_OC3PolarityConfig), (26 bytes).
    Removing stm32f4xx_tim.o(i.TIM_OC3PreloadConfig), (18 bytes).
    Removing stm32f4xx_tim.o(i.TIM_OC4FastConfig), (26 bytes).
    Removing stm32f4xx_tim.o(i.TIM_OC4Init), (120 bytes).
    Removing stm32f4xx_tim.o(i.TIM_OC4PolarityConfig), (26 bytes).
    Removing stm32f4xx_tim.o(i.TIM_OC4PreloadConfig), (26 bytes).
    Removing stm32f4xx_tim.o(i.TIM_OCStructInit), (20 bytes).
    Removing stm32f4xx_tim.o(i.TIM_PWMIConfig), (124 bytes).
    Removing stm32f4xx_tim.o(i.TIM_PrescalerConfig), (6 bytes).
    Removing stm32f4xx_tim.o(i.TIM_RemapConfig), (6 bytes).
    Removing stm32f4xx_tim.o(i.TIM_SelectCCDMA), (24 bytes).
    Removing stm32f4xx_tim.o(i.TIM_SelectCOM), (24 bytes).
    Removing stm32f4xx_tim.o(i.TIM_SelectHallSensor), (24 bytes).
    Removing stm32f4xx_tim.o(i.TIM_SelectInputTrigger), (18 bytes).
    Removing stm32f4xx_tim.o(i.TIM_SelectMasterSlaveMode), (18 bytes).
    Removing stm32f4xx_tim.o(i.TIM_SelectOCxM), (86 bytes).
    Removing stm32f4xx_tim.o(i.TIM_SelectOnePulseMode), (18 bytes).
    Removing stm32f4xx_tim.o(i.TIM_SelectOutputTrigger), (18 bytes).
    Removing stm32f4xx_tim.o(i.TIM_SelectSlaveMode), (18 bytes).
    Removing stm32f4xx_tim.o(i.TIM_SetAutoreload), (4 bytes).
    Removing stm32f4xx_tim.o(i.TIM_SetClockDivision), (18 bytes).
    Removing stm32f4xx_tim.o(i.TIM_SetCompare1), (4 bytes).
    Removing stm32f4xx_tim.o(i.TIM_SetCompare2), (4 bytes).
    Removing stm32f4xx_tim.o(i.TIM_SetCompare3), (4 bytes).
    Removing stm32f4xx_tim.o(i.TIM_SetCompare4), (4 bytes).
    Removing stm32f4xx_tim.o(i.TIM_SetCounter), (4 bytes).
    Removing stm32f4xx_tim.o(i.TIM_SetIC1Prescaler), (18 bytes).
    Removing stm32f4xx_tim.o(i.TIM_SetIC2Prescaler), (26 bytes).
    Removing stm32f4xx_tim.o(i.TIM_SetIC3Prescaler), (18 bytes).
    Removing stm32f4xx_tim.o(i.TIM_SetIC4Prescaler), (26 bytes).
    Removing stm32f4xx_tim.o(i.TIM_TIxExternalClockConfig), (62 bytes).
    Removing stm32f4xx_tim.o(i.TIM_TimeBaseInit), (132 bytes).
    Removing stm32f4xx_tim.o(i.TIM_TimeBaseStructInit), (18 bytes).
    Removing stm32f4xx_tim.o(i.TIM_UpdateDisableConfig), (24 bytes).
    Removing stm32f4xx_tim.o(i.TIM_UpdateRequestConfig), (24 bytes).
    Removing stm32f4xx_usart.o(.rev16_text), (4 bytes).
    Removing stm32f4xx_usart.o(.revsh_text), (4 bytes).
    Removing stm32f4xx_usart.o(.rrx_text), (6 bytes).
    Removing stm32f4xx_usart.o(i.USART_ClearFlag), (18 bytes).
    Removing stm32f4xx_usart.o(i.USART_ClearITPendingBit), (30 bytes).
    Removing stm32f4xx_usart.o(i.USART_ClockInit), (32 bytes).
    Removing stm32f4xx_usart.o(i.USART_ClockStructInit), (12 bytes).
    Removing stm32f4xx_usart.o(i.USART_Cmd), (24 bytes).
    Removing stm32f4xx_usart.o(i.USART_DMACmd), (18 bytes).
    Removing stm32f4xx_usart.o(i.USART_DeInit), (240 bytes).
    Removing stm32f4xx_usart.o(i.USART_GetFlagStatus), (26 bytes).
    Removing stm32f4xx_usart.o(i.USART_GetITStatus), (84 bytes).
    Removing stm32f4xx_usart.o(i.USART_HalfDuplexCmd), (24 bytes).
    Removing stm32f4xx_usart.o(i.USART_ITConfig), (74 bytes).
    Removing stm32f4xx_usart.o(i.USART_Init), (212 bytes).
    Removing stm32f4xx_usart.o(i.USART_IrDACmd), (24 bytes).
    Removing stm32f4xx_usart.o(i.USART_IrDAConfig), (18 bytes).
    Removing stm32f4xx_usart.o(i.USART_LINBreakDetectLengthConfig), (18 bytes).
    Removing stm32f4xx_usart.o(i.USART_LINCmd), (24 bytes).
    Removing stm32f4xx_usart.o(i.USART_OneBitMethodCmd), (24 bytes).
    Removing stm32f4xx_usart.o(i.USART_OverSampling8Cmd), (22 bytes).
    Removing stm32f4xx_usart.o(i.USART_ReceiveData), (10 bytes).
    Removing stm32f4xx_usart.o(i.USART_ReceiverWakeUpCmd), (24 bytes).
    Removing stm32f4xx_usart.o(i.USART_SendBreak), (10 bytes).
    Removing stm32f4xx_usart.o(i.USART_SendData), (8 bytes).
    Removing stm32f4xx_usart.o(i.USART_SetAddress), (18 bytes).
    Removing stm32f4xx_usart.o(i.USART_SetGuardTime), (16 bytes).
    Removing stm32f4xx_usart.o(i.USART_SetPrescaler), (16 bytes).
    Removing stm32f4xx_usart.o(i.USART_SmartCardCmd), (24 bytes).
    Removing stm32f4xx_usart.o(i.USART_SmartCardNACKCmd), (24 bytes).
    Removing stm32f4xx_usart.o(i.USART_StructInit), (24 bytes).
    Removing stm32f4xx_usart.o(i.USART_WakeUpConfig), (18 bytes).
    Removing stm32f4xx_wwdg.o(.rev16_text), (4 bytes).
    Removing stm32f4xx_wwdg.o(.revsh_text), (4 bytes).
    Removing stm32f4xx_wwdg.o(.rrx_text), (6 bytes).
    Removing stm32f4xx_wwdg.o(i.WWDG_ClearFlag), (12 bytes).
    Removing stm32f4xx_wwdg.o(i.WWDG_DeInit), (22 bytes).
    Removing stm32f4xx_wwdg.o(i.WWDG_Enable), (16 bytes).
    Removing stm32f4xx_wwdg.o(i.WWDG_EnableIT), (12 bytes).
    Removing stm32f4xx_wwdg.o(i.WWDG_GetFlagStatus), (20 bytes).
    Removing stm32f4xx_wwdg.o(i.WWDG_SetCounter), (16 bytes).
    Removing stm32f4xx_wwdg.o(i.WWDG_SetPrescaler), (24 bytes).
    Removing stm32f4xx_wwdg.o(i.WWDG_SetWindowValue), (40 bytes).

832 unused section(s) (total 36340 bytes) removed from the image.

==============================================================================

Image Symbol Table

    Local Symbols

    Symbol Name                              Value     Ov Type        Size  Object(Section)

    ../clib/microlib/init/entry.s            0x00000000   Number         0  entry.o ABSOLUTE
    ../clib/microlib/init/entry.s            0x00000000   Number         0  entry5.o ABSOLUTE
    ../clib/microlib/init/entry.s            0x00000000   Number         0  entry11a.o ABSOLUTE
    ../clib/microlib/init/entry.s            0x00000000   Number         0  entry2.o ABSOLUTE
    ../clib/microlib/init/entry.s            0x00000000   Number         0  entry9a.o ABSOLUTE
    ../clib/microlib/init/entry.s            0x00000000   Number         0  entry11b.o ABSOLUTE
    ../clib/microlib/init/entry.s            0x00000000   Number         0  entry7a.o ABSOLUTE
    ../clib/microlib/init/entry.s            0x00000000   Number         0  entry7b.o ABSOLUTE
    ../clib/microlib/init/entry.s            0x00000000   Number         0  entry8a.o ABSOLUTE
    ../clib/microlib/init/entry.s            0x00000000   Number         0  entry8b.o ABSOLUTE
    ../clib/microlib/init/entry.s            0x00000000   Number         0  entry9b.o ABSOLUTE
    ../clib/microlib/init/entry.s            0x00000000   Number         0  entry10a.o ABSOLUTE
    ../clib/microlib/init/entry.s            0x00000000   Number         0  entry10b.o ABSOLUTE
    ..\CORE\startup_stm32f40xx.s             0x00000000   Number         0  startup_stm32f40xx.o ABSOLUTE
    ..\FWLIB\src\misc.c                      0x00000000   Number         0  misc.o ABSOLUTE
    ..\FWLIB\src\stm32f4xx_adc.c             0x00000000   Number         0  stm32f4xx_adc.o ABSOLUTE
    ..\FWLIB\src\stm32f4xx_can.c             0x00000000   Number         0  stm32f4xx_can.o ABSOLUTE
    ..\FWLIB\src\stm32f4xx_cec.c             0x00000000   Number         0  stm32f4xx_cec.o ABSOLUTE
    ..\FWLIB\src\stm32f4xx_crc.c             0x00000000   Number         0  stm32f4xx_crc.o ABSOLUTE
    ..\FWLIB\src\stm32f4xx_cryp.c            0x00000000   Number         0  stm32f4xx_cryp.o ABSOLUTE
    ..\FWLIB\src\stm32f4xx_cryp_aes.c        0x00000000   Number         0  stm32f4xx_cryp_aes.o ABSOLUTE
    ..\FWLIB\src\stm32f4xx_cryp_des.c        0x00000000   Number         0  stm32f4xx_cryp_des.o ABSOLUTE
    ..\FWLIB\src\stm32f4xx_cryp_tdes.c       0x00000000   Number         0  stm32f4xx_cryp_tdes.o ABSOLUTE
    ..\FWLIB\src\stm32f4xx_dac.c             0x00000000   Number         0  stm32f4xx_dac.o ABSOLUTE
    ..\FWLIB\src\stm32f4xx_dbgmcu.c          0x00000000   Number         0  stm32f4xx_dbgmcu.o ABSOLUTE
    ..\FWLIB\src\stm32f4xx_dcmi.c            0x00000000   Number         0  stm32f4xx_dcmi.o ABSOLUTE
    ..\FWLIB\src\stm32f4xx_dfsdm.c           0x00000000   Number         0  stm32f4xx_dfsdm.o ABSOLUTE
    ..\FWLIB\src\stm32f4xx_dma.c             0x00000000   Number         0  stm32f4xx_dma.o ABSOLUTE
    ..\FWLIB\src\stm32f4xx_dma2d.c           0x00000000   Number         0  stm32f4xx_dma2d.o ABSOLUTE
    ..\FWLIB\src\stm32f4xx_dsi.c             0x00000000   Number         0  stm32f4xx_dsi.o ABSOLUTE
    ..\FWLIB\src\stm32f4xx_exti.c            0x00000000   Number         0  stm32f4xx_exti.o ABSOLUTE
    ..\FWLIB\src\stm32f4xx_flash.c           0x00000000   Number         0  stm32f4xx_flash.o ABSOLUTE
    ..\FWLIB\src\stm32f4xx_flash_ramfunc.c   0x00000000   Number         0  stm32f4xx_flash_ramfunc.o ABSOLUTE
    ..\FWLIB\src\stm32f4xx_fmpi2c.c          0x00000000   Number         0  stm32f4xx_fmpi2c.o ABSOLUTE
    ..\FWLIB\src\stm32f4xx_fsmc.c            0x00000000   Number         0  stm32f4xx_fsmc.o ABSOLUTE
    ..\FWLIB\src\stm32f4xx_gpio.c            0x00000000   Number         0  stm32f4xx_gpio.o ABSOLUTE
    ..\FWLIB\src\stm32f4xx_hash.c            0x00000000   Number         0  stm32f4xx_hash.o ABSOLUTE
    ..\FWLIB\src\stm32f4xx_hash_md5.c        0x00000000   Number         0  stm32f4xx_hash_md5.o ABSOLUTE
    ..\FWLIB\src\stm32f4xx_hash_sha1.c       0x00000000   Number         0  stm32f4xx_hash_sha1.o ABSOLUTE
    ..\FWLIB\src\stm32f4xx_i2c.c             0x00000000   Number         0  stm32f4xx_i2c.o ABSOLUTE
    ..\FWLIB\src\stm32f4xx_iwdg.c            0x00000000   Number         0  stm32f4xx_iwdg.o ABSOLUTE
    ..\FWLIB\src\stm32f4xx_lptim.c           0x00000000   Number         0  stm32f4xx_lptim.o ABSOLUTE
    ..\FWLIB\src\stm32f4xx_ltdc.c            0x00000000   Number         0  stm32f4xx_ltdc.o ABSOLUTE
    ..\FWLIB\src\stm32f4xx_pwr.c             0x00000000   Number         0  stm32f4xx_pwr.o ABSOLUTE
    ..\FWLIB\src\stm32f4xx_qspi.c            0x00000000   Number         0  stm32f4xx_qspi.o ABSOLUTE
    ..\FWLIB\src\stm32f4xx_rcc.c             0x00000000   Number         0  stm32f4xx_rcc.o ABSOLUTE
    ..\FWLIB\src\stm32f4xx_rng.c             0x00000000   Number         0  stm32f4xx_rng.o ABSOLUTE
    ..\FWLIB\src\stm32f4xx_rtc.c             0x00000000   Number         0  stm32f4xx_rtc.o ABSOLUTE
    ..\FWLIB\src\stm32f4xx_sai.c             0x00000000   Number         0  stm32f4xx_sai.o ABSOLUTE
    ..\FWLIB\src\stm32f4xx_sdio.c            0x00000000   Number         0  stm32f4xx_sdio.o ABSOLUTE
    ..\FWLIB\src\stm32f4xx_spdifrx.c         0x00000000   Number         0  stm32f4xx_spdifrx.o ABSOLUTE
    ..\FWLIB\src\stm32f4xx_spi.c             0x00000000   Number         0  stm32f4xx_spi.o ABSOLUTE
    ..\FWLIB\src\stm32f4xx_syscfg.c          0x00000000   Number         0  stm32f4xx_syscfg.o ABSOLUTE
    ..\FWLIB\src\stm32f4xx_tim.c             0x00000000   Number         0  stm32f4xx_tim.o ABSOLUTE
    ..\FWLIB\src\stm32f4xx_usart.c           0x00000000   Number         0  stm32f4xx_usart.o ABSOLUTE
    ..\FWLIB\src\stm32f4xx_wwdg.c            0x00000000   Number         0  stm32f4xx_wwdg.o ABSOLUTE
    ..\USER\I2C.c                            0x00000000   Number         0  i2c.o ABSOLUTE
    ..\USER\MPU6500.c                        0x00000000   Number         0  mpu6500.o ABSOLUTE
    ..\USER\main.c                           0x00000000   Number         0  main.o ABSOLUTE
    ..\USER\stm32f4xx_it.c                   0x00000000   Number         0  stm32f4xx_it.o ABSOLUTE
    ..\USER\system_stm32f4xx.c               0x00000000   Number         0  system_stm32f4xx.o ABSOLUTE
    ..\\FWLIB\\src\\misc.c                   0x00000000   Number         0  misc.o ABSOLUTE
    ..\\FWLIB\\src\\stm32f4xx_adc.c          0x00000000   Number         0  stm32f4xx_adc.o ABSOLUTE
    ..\\FWLIB\\src\\stm32f4xx_can.c          0x00000000   Number         0  stm32f4xx_can.o ABSOLUTE
    ..\\FWLIB\\src\\stm32f4xx_cec.c          0x00000000   Number         0  stm32f4xx_cec.o ABSOLUTE
    ..\\FWLIB\\src\\stm32f4xx_crc.c          0x00000000   Number         0  stm32f4xx_crc.o ABSOLUTE
    ..\\FWLIB\\src\\stm32f4xx_cryp.c         0x00000000   Number         0  stm32f4xx_cryp.o ABSOLUTE
    ..\\FWLIB\\src\\stm32f4xx_cryp_aes.c     0x00000000   Number         0  stm32f4xx_cryp_aes.o ABSOLUTE
    ..\\FWLIB\\src\\stm32f4xx_cryp_des.c     0x00000000   Number         0  stm32f4xx_cryp_des.o ABSOLUTE
    ..\\FWLIB\\src\\stm32f4xx_cryp_tdes.c    0x00000000   Number         0  stm32f4xx_cryp_tdes.o ABSOLUTE
    ..\\FWLIB\\src\\stm32f4xx_dac.c          0x00000000   Number         0  stm32f4xx_dac.o ABSOLUTE
    ..\\FWLIB\\src\\stm32f4xx_dbgmcu.c       0x00000000   Number         0  stm32f4xx_dbgmcu.o ABSOLUTE
    ..\\FWLIB\\src\\stm32f4xx_dcmi.c         0x00000000   Number         0  stm32f4xx_dcmi.o ABSOLUTE
    ..\\FWLIB\\src\\stm32f4xx_dfsdm.c        0x00000000   Number         0  stm32f4xx_dfsdm.o ABSOLUTE
    ..\\FWLIB\\src\\stm32f4xx_dma.c          0x00000000   Number         0  stm32f4xx_dma.o ABSOLUTE
    ..\\FWLIB\\src\\stm32f4xx_dma2d.c        0x00000000   Number         0  stm32f4xx_dma2d.o ABSOLUTE
    ..\\FWLIB\\src\\stm32f4xx_dsi.c          0x00000000   Number         0  stm32f4xx_dsi.o ABSOLUTE
    ..\\FWLIB\\src\\stm32f4xx_exti.c         0x00000000   Number         0  stm32f4xx_exti.o ABSOLUTE
    ..\\FWLIB\\src\\stm32f4xx_flash.c        0x00000000   Number         0  stm32f4xx_flash.o ABSOLUTE
    ..\\FWLIB\\src\\stm32f4xx_flash_ramfunc.c 0x00000000   Number         0  stm32f4xx_flash_ramfunc.o ABSOLUTE
    ..\\FWLIB\\src\\stm32f4xx_fmpi2c.c       0x00000000   Number         0  stm32f4xx_fmpi2c.o ABSOLUTE
    ..\\FWLIB\\src\\stm32f4xx_fsmc.c         0x00000000   Number         0  stm32f4xx_fsmc.o ABSOLUTE
    ..\\FWLIB\\src\\stm32f4xx_gpio.c         0x00000000   Number         0  stm32f4xx_gpio.o ABSOLUTE
    ..\\FWLIB\\src\\stm32f4xx_hash.c         0x00000000   Number         0  stm32f4xx_hash.o ABSOLUTE
    ..\\FWLIB\\src\\stm32f4xx_hash_md5.c     0x00000000   Number         0  stm32f4xx_hash_md5.o ABSOLUTE
    ..\\FWLIB\\src\\stm32f4xx_hash_sha1.c    0x00000000   Number         0  stm32f4xx_hash_sha1.o ABSOLUTE
    ..\\FWLIB\\src\\stm32f4xx_i2c.c          0x00000000   Number         0  stm32f4xx_i2c.o ABSOLUTE
    ..\\FWLIB\\src\\stm32f4xx_iwdg.c         0x00000000   Number         0  stm32f4xx_iwdg.o ABSOLUTE
    ..\\FWLIB\\src\\stm32f4xx_lptim.c        0x00000000   Number         0  stm32f4xx_lptim.o ABSOLUTE
    ..\\FWLIB\\src\\stm32f4xx_ltdc.c         0x00000000   Number         0  stm32f4xx_ltdc.o ABSOLUTE
    ..\\FWLIB\\src\\stm32f4xx_pwr.c          0x00000000   Number         0  stm32f4xx_pwr.o ABSOLUTE
    ..\\FWLIB\\src\\stm32f4xx_qspi.c         0x00000000   Number         0  stm32f4xx_qspi.o ABSOLUTE
    ..\\FWLIB\\src\\stm32f4xx_rcc.c          0x00000000   Number         0  stm32f4xx_rcc.o ABSOLUTE
    ..\\FWLIB\\src\\stm32f4xx_rng.c          0x00000000   Number         0  stm32f4xx_rng.o ABSOLUTE
    ..\\FWLIB\\src\\stm32f4xx_rtc.c          0x00000000   Number         0  stm32f4xx_rtc.o ABSOLUTE
    ..\\FWLIB\\src\\stm32f4xx_sai.c          0x00000000   Number         0  stm32f4xx_sai.o ABSOLUTE
    ..\\FWLIB\\src\\stm32f4xx_sdio.c         0x00000000   Number         0  stm32f4xx_sdio.o ABSOLUTE
    ..\\FWLIB\\src\\stm32f4xx_spdifrx.c      0x00000000   Number         0  stm32f4xx_spdifrx.o ABSOLUTE
    ..\\FWLIB\\src\\stm32f4xx_spi.c          0x00000000   Number         0  stm32f4xx_spi.o ABSOLUTE
    ..\\FWLIB\\src\\stm32f4xx_syscfg.c       0x00000000   Number         0  stm32f4xx_syscfg.o ABSOLUTE
    ..\\FWLIB\\src\\stm32f4xx_tim.c          0x00000000   Number         0  stm32f4xx_tim.o ABSOLUTE
    ..\\FWLIB\\src\\stm32f4xx_usart.c        0x00000000   Number         0  stm32f4xx_usart.o ABSOLUTE
    ..\\FWLIB\\src\\stm32f4xx_wwdg.c         0x00000000   Number         0  stm32f4xx_wwdg.o ABSOLUTE
    ..\\USER\\I2C.c                          0x00000000   Number         0  i2c.o ABSOLUTE
    ..\\USER\\main.c                         0x00000000   Number         0  main.o ABSOLUTE
    ..\\USER\\stm32f4xx_it.c                 0x00000000   Number         0  stm32f4xx_it.o ABSOLUTE
    ..\\USER\\system_stm32f4xx.c             0x00000000   Number         0  system_stm32f4xx.o ABSOLUTE
    dc.s                                     0x00000000   Number         0  dc.o ABSOLUTE
    handlers.s                               0x00000000   Number         0  handlers.o ABSOLUTE
    init.s                                   0x00000000   Number         0  init.o ABSOLUTE
    RESET                                    0x08000000   Section      392  startup_stm32f40xx.o(RESET)
    .ARM.Collect$$$$00000000                 0x08000188   Section        0  entry.o(.ARM.Collect$$$$00000000)
    .ARM.Collect$$$$00000001                 0x08000188   Section        4  entry2.o(.ARM.Collect$$$$00000001)
    .ARM.Collect$$$$00000004                 0x0800018c   Section        4  entry5.o(.ARM.Collect$$$$00000004)
    .ARM.Collect$$$$00000008                 0x08000190   Section        0  entry7b.o(.ARM.Collect$$$$00000008)
    .ARM.Collect$$$$0000000A                 0x08000190   Section        0  entry8b.o(.ARM.Collect$$$$0000000A)
    .ARM.Collect$$$$0000000B                 0x08000190   Section        8  entry9a.o(.ARM.Collect$$$$0000000B)
    .ARM.Collect$$$$0000000D                 0x08000198   Section        0  entry10a.o(.ARM.Collect$$$$0000000D)
    .ARM.Collect$$$$0000000F                 0x08000198   Section        0  entry11a.o(.ARM.Collect$$$$0000000F)
    .ARM.Collect$$$$00002712                 0x08000198   Section        4  entry2.o(.ARM.Collect$$$$00002712)
    __lit__00000000                          0x08000198   Data           4  entry2.o(.ARM.Collect$$$$00002712)
    .text                                    0x0800019c   Section       36  startup_stm32f40xx.o(.text)
    $v0                                      0x0800019c   Number         0  startup_stm32f40xx.o(.text)
    .text                                    0x080001c0   Section       36  init.o(.text)
    i.BusFault_Handler                       0x080001e4   Section        0  stm32f4xx_it.o(i.BusFault_Handler)
    i.DebugMon_Handler                       0x080001e8   Section        0  stm32f4xx_it.o(i.DebugMon_Handler)
    i.GPIO_Init                              0x080001ea   Section        0  stm32f4xx_gpio.o(i.GPIO_Init)
    i.GPIO_PinAFConfig                       0x0800027a   Section        0  stm32f4xx_gpio.o(i.GPIO_PinAFConfig)
    i.HardFault_Handler                      0x080002c0   Section        0  stm32f4xx_it.o(i.HardFault_Handler)
    i.I2C_AcknowledgeConfig                  0x080002c4   Section        0  stm32f4xx_i2c.o(i.I2C_AcknowledgeConfig)
    i.I2C_CheckEvent                         0x080002dc   Section        0  stm32f4xx_i2c.o(i.I2C_CheckEvent)
    i.I2C_Cmd                                0x08000306   Section        0  stm32f4xx_i2c.o(i.I2C_Cmd)
    i.I2C_Config                             0x08000320   Section        0  i2c.o(i.I2C_Config)
    i.I2C_GenerateSTART                      0x080003c0   Section        0  stm32f4xx_i2c.o(i.I2C_GenerateSTART)
    i.I2C_GenerateSTOP                       0x080003d8   Section        0  stm32f4xx_i2c.o(i.I2C_GenerateSTOP)
    i.I2C_Init                               0x080003f0   Section        0  stm32f4xx_i2c.o(i.I2C_Init)
    i.I2C_Read                               0x080004d8   Section        0  i2c.o(i.I2C_Read)
    i.I2C_ReceiveData                        0x080005bc   Section        0  stm32f4xx_i2c.o(i.I2C_ReceiveData)
    i.I2C_Send7bitAddress                    0x080005c4   Section        0  stm32f4xx_i2c.o(i.I2C_Send7bitAddress)
    i.I2C_SendData                           0x080005d4   Section        0  stm32f4xx_i2c.o(i.I2C_SendData)
    i.MemManage_Handler                      0x080005d8   Section        0  stm32f4xx_it.o(i.MemManage_Handler)
    i.NMI_Handler                            0x080005dc   Section        0  stm32f4xx_it.o(i.NMI_Handler)
    i.PendSV_Handler                         0x080005de   Section        0  stm32f4xx_it.o(i.PendSV_Handler)
    i.RCC_AHB1PeriphClockCmd                 0x080005e0   Section        0  stm32f4xx_rcc.o(i.RCC_AHB1PeriphClockCmd)
    i.RCC_APB1PeriphClockCmd                 0x08000600   Section        0  stm32f4xx_rcc.o(i.RCC_APB1PeriphClockCmd)
    i.RCC_GetClocksFreq                      0x08000620   Section        0  stm32f4xx_rcc.o(i.RCC_GetClocksFreq)
    i.SVC_Handler                            0x08000708   Section        0  stm32f4xx_it.o(i.SVC_Handler)
    i.SetSysClock                            0x0800070c   Section        0  system_stm32f4xx.o(i.SetSysClock)
    SetSysClock                              0x0800070d   Thumb Code   220  system_stm32f4xx.o(i.SetSysClock)
    i.SysTick_Handler                        0x080007f8   Section        0  stm32f4xx_it.o(i.SysTick_Handler)
    i.SystemInit                             0x080007fc   Section        0  system_stm32f4xx.o(i.SystemInit)
    i.UsageFault_Handler                     0x08000864   Section        0  stm32f4xx_it.o(i.UsageFault_Handler)
    i.__scatterload_copy                     0x08000868   Section       14  handlers.o(i.__scatterload_copy)
    i.__scatterload_null                     0x08000876   Section        2  handlers.o(i.__scatterload_null)
    i.__scatterload_zeroinit                 0x08000878   Section       14  handlers.o(i.__scatterload_zeroinit)
    i.main                                   0x08000888   Section        0  main.o(i.main)
    .data                                    0x20000000   Section       16  main.o(.data)
    .data                                    0x20000010   Section       16  stm32f4xx_rcc.o(.data)
    APBAHBPrescTable                         0x20000010   Data          16  stm32f4xx_rcc.o(.data)
    .bss                                     0x20000020   Section       76  main.o(.bss)
    STACK                                    0x20000070   Section     1024  startup_stm32f40xx.o(STACK)

    Global Symbols

    Symbol Name                              Value     Ov Type        Size  Object(Section)

    BuildAttributes$$THM_ISAv4$E$P$D$K$B$S$7EM$VFPi3$EXTD16$VFPS$VFMA$PE$A:L22UL41UL21$X:L11$S22US41US21$IEEE1$IW$USESV6$~STKCKD$USESV7$~SHL$OSPACE$EBA8$MICROLIB$REQ8$PRES8$EABIv2 0x00000000   Number         0  anon$$obj.o ABSOLUTE
    __ARM_use_no_argv                        0x00000000   Number         0  main.o ABSOLUTE
    __cpp_initialize__aeabi_                  - Undefined Weak Reference
    __cxa_finalize                            - Undefined Weak Reference
    __decompress                              - Undefined Weak Reference
    _clock_init                               - Undefined Weak Reference
    _microlib_exit                            - Undefined Weak Reference
    __Vectors_Size                           0x00000188   Number         0  startup_stm32f40xx.o ABSOLUTE
    __Vectors                                0x08000000   Data           4  startup_stm32f40xx.o(RESET)
    __Vectors_End                            0x08000188   Data           0  startup_stm32f40xx.o(RESET)
    __main                                   0x08000189   Thumb Code     0  entry.o(.ARM.Collect$$$$00000000)
    _main_stk                                0x08000189   Thumb Code     0  entry2.o(.ARM.Collect$$$$00000001)
    _main_scatterload                        0x0800018d   Thumb Code     0  entry5.o(.ARM.Collect$$$$00000004)
    __main_after_scatterload                 0x08000191   Thumb Code     0  entry5.o(.ARM.Collect$$$$00000004)
    _main_clock                              0x08000191   Thumb Code     0  entry7b.o(.ARM.Collect$$$$00000008)
    _main_cpp_init                           0x08000191   Thumb Code     0  entry8b.o(.ARM.Collect$$$$0000000A)
    _main_init                               0x08000191   Thumb Code     0  entry9a.o(.ARM.Collect$$$$0000000B)
    __rt_final_cpp                           0x08000199   Thumb Code     0  entry10a.o(.ARM.Collect$$$$0000000D)
    __rt_final_exit                          0x08000199   Thumb Code     0  entry11a.o(.ARM.Collect$$$$0000000F)
    Reset_Handler                            0x0800019d   Thumb Code     8  startup_stm32f40xx.o(.text)
    ADC_IRQHandler                           0x080001b7   Thumb Code     0  startup_stm32f40xx.o(.text)
    CAN1_RX0_IRQHandler                      0x080001b7   Thumb Code     0  startup_stm32f40xx.o(.text)
    CAN1_RX1_IRQHandler                      0x080001b7   Thumb Code     0  startup_stm32f40xx.o(.text)
    CAN1_SCE_IRQHandler                      0x080001b7   Thumb Code     0  startup_stm32f40xx.o(.text)
    CAN1_TX_IRQHandler                       0x080001b7   Thumb Code     0  startup_stm32f40xx.o(.text)
    CAN2_RX0_IRQHandler                      0x080001b7   Thumb Code     0  startup_stm32f40xx.o(.text)
    CAN2_RX1_IRQHandler                      0x080001b7   Thumb Code     0  startup_stm32f40xx.o(.text)
    CAN2_SCE_IRQHandler                      0x080001b7   Thumb Code     0  startup_stm32f40xx.o(.text)
    CAN2_TX_IRQHandler                       0x080001b7   Thumb Code     0  startup_stm32f40xx.o(.text)
    CRYP_IRQHandler                          0x080001b7   Thumb Code     0  startup_stm32f40xx.o(.text)
    DCMI_IRQHandler                          0x080001b7   Thumb Code     0  startup_stm32f40xx.o(.text)
    DMA1_Stream0_IRQHandler                  0x080001b7   Thumb Code     0  startup_stm32f40xx.o(.text)
    DMA1_Stream1_IRQHandler                  0x080001b7   Thumb Code     0  startup_stm32f40xx.o(.text)
    DMA1_Stream2_IRQHandler                  0x080001b7   Thumb Code     0  startup_stm32f40xx.o(.text)
    DMA1_Stream3_IRQHandler                  0x080001b7   Thumb Code     0  startup_stm32f40xx.o(.text)
    DMA1_Stream4_IRQHandler                  0x080001b7   Thumb Code     0  startup_stm32f40xx.o(.text)
    DMA1_Stream5_IRQHandler                  0x080001b7   Thumb Code     0  startup_stm32f40xx.o(.text)
    DMA1_Stream6_IRQHandler                  0x080001b7   Thumb Code     0  startup_stm32f40xx.o(.text)
    DMA1_Stream7_IRQHandler                  0x080001b7   Thumb Code     0  startup_stm32f40xx.o(.text)
    DMA2_Stream0_IRQHandler                  0x080001b7   Thumb Code     0  startup_stm32f40xx.o(.text)
    DMA2_Stream1_IRQHandler                  0x080001b7   Thumb Code     0  startup_stm32f40xx.o(.text)
    DMA2_Stream2_IRQHandler                  0x080001b7   Thumb Code     0  startup_stm32f40xx.o(.text)
    DMA2_Stream3_IRQHandler                  0x080001b7   Thumb Code     0  startup_stm32f40xx.o(.text)
    DMA2_Stream4_IRQHandler                  0x080001b7   Thumb Code     0  startup_stm32f40xx.o(.text)
    DMA2_Stream5_IRQHandler                  0x080001b7   Thumb Code     0  startup_stm32f40xx.o(.text)
    DMA2_Stream6_IRQHandler                  0x080001b7   Thumb Code     0  startup_stm32f40xx.o(.text)
    DMA2_Stream7_IRQHandler                  0x080001b7   Thumb Code     0  startup_stm32f40xx.o(.text)
    ETH_IRQHandler                           0x080001b7   Thumb Code     0  startup_stm32f40xx.o(.text)
    ETH_WKUP_IRQHandler                      0x080001b7   Thumb Code     0  startup_stm32f40xx.o(.text)
    EXTI0_IRQHandler                         0x080001b7   Thumb Code     0  startup_stm32f40xx.o(.text)
    EXTI15_10_IRQHandler                     0x080001b7   Thumb Code     0  startup_stm32f40xx.o(.text)
    EXTI1_IRQHandler                         0x080001b7   Thumb Code     0  startup_stm32f40xx.o(.text)
    EXTI2_IRQHandler                         0x080001b7   Thumb Code     0  startup_stm32f40xx.o(.text)
    EXTI3_IRQHandler                         0x080001b7   Thumb Code     0  startup_stm32f40xx.o(.text)
    EXTI4_IRQHandler                         0x080001b7   Thumb Code     0  startup_stm32f40xx.o(.text)
    EXTI9_5_IRQHandler                       0x080001b7   Thumb Code     0  startup_stm32f40xx.o(.text)
    FLASH_IRQHandler                         0x080001b7   Thumb Code     0  startup_stm32f40xx.o(.text)
    FPU_IRQHandler                           0x080001b7   Thumb Code     0  startup_stm32f40xx.o(.text)
    FSMC_IRQHandler                          0x080001b7   Thumb Code     0  startup_stm32f40xx.o(.text)
    HASH_RNG_IRQHandler                      0x080001b7   Thumb Code     0  startup_stm32f40xx.o(.text)
    I2C1_ER_IRQHandler                       0x080001b7   Thumb Code     0  startup_stm32f40xx.o(.text)
    I2C1_EV_IRQHandler                       0x080001b7   Thumb Code     0  startup_stm32f40xx.o(.text)
    I2C2_ER_IRQHandler                       0x080001b7   Thumb Code     0  startup_stm32f40xx.o(.text)
    I2C2_EV_IRQHandler                       0x080001b7   Thumb Code     0  startup_stm32f40xx.o(.text)
    I2C3_ER_IRQHandler                       0x080001b7   Thumb Code     0  startup_stm32f40xx.o(.text)
    I2C3_EV_IRQHandler                       0x080001b7   Thumb Code     0  startup_stm32f40xx.o(.text)
    OTG_FS_IRQHandler                        0x080001b7   Thumb Code     0  startup_stm32f40xx.o(.text)
    OTG_FS_WKUP_IRQHandler                   0x080001b7   Thumb Code     0  startup_stm32f40xx.o(.text)
    OTG_HS_EP1_IN_IRQHandler                 0x080001b7   Thumb Code     0  startup_stm32f40xx.o(.text)
    OTG_HS_EP1_OUT_IRQHandler                0x080001b7   Thumb Code     0  startup_stm32f40xx.o(.text)
    OTG_HS_IRQHandler                        0x080001b7   Thumb Code     0  startup_stm32f40xx.o(.text)
    OTG_HS_WKUP_IRQHandler                   0x080001b7   Thumb Code     0  startup_stm32f40xx.o(.text)
    PVD_IRQHandler                           0x080001b7   Thumb Code     0  startup_stm32f40xx.o(.text)
    RCC_IRQHandler                           0x080001b7   Thumb Code     0  startup_stm32f40xx.o(.text)
    RTC_Alarm_IRQHandler                     0x080001b7   Thumb Code     0  startup_stm32f40xx.o(.text)
    RTC_WKUP_IRQHandler                      0x080001b7   Thumb Code     0  startup_stm32f40xx.o(.text)
    SDIO_IRQHandler                          0x080001b7   Thumb Code     0  startup_stm32f40xx.o(.text)
    SPI1_IRQHandler                          0x080001b7   Thumb Code     0  startup_stm32f40xx.o(.text)
    SPI2_IRQHandler                          0x080001b7   Thumb Code     0  startup_stm32f40xx.o(.text)
    SPI3_IRQHandler                          0x080001b7   Thumb Code     0  startup_stm32f40xx.o(.text)
    TAMP_STAMP_IRQHandler                    0x080001b7   Thumb Code     0  startup_stm32f40xx.o(.text)
    TIM1_BRK_TIM9_IRQHandler                 0x080001b7   Thumb Code     0  startup_stm32f40xx.o(.text)
    TIM1_CC_IRQHandler                       0x080001b7   Thumb Code     0  startup_stm32f40xx.o(.text)
    TIM1_TRG_COM_TIM11_IRQHandler            0x080001b7   Thumb Code     0  startup_stm32f40xx.o(.text)
    TIM1_UP_TIM10_IRQHandler                 0x080001b7   Thumb Code     0  startup_stm32f40xx.o(.text)
    TIM2_IRQHandler                          0x080001b7   Thumb Code     0  startup_stm32f40xx.o(.text)
    TIM3_IRQHandler                          0x080001b7   Thumb Code     0  startup_stm32f40xx.o(.text)
    TIM4_IRQHandler                          0x080001b7   Thumb Code     0  startup_stm32f40xx.o(.text)
    TIM5_IRQHandler                          0x080001b7   Thumb Code     0  startup_stm32f40xx.o(.text)
    TIM6_DAC_IRQHandler                      0x080001b7   Thumb Code     0  startup_stm32f40xx.o(.text)
    TIM7_IRQHandler                          0x080001b7   Thumb Code     0  startup_stm32f40xx.o(.text)
    TIM8_BRK_TIM12_IRQHandler                0x080001b7   Thumb Code     0  startup_stm32f40xx.o(.text)
    TIM8_CC_IRQHandler                       0x080001b7   Thumb Code     0  startup_stm32f40xx.o(.text)
    TIM8_TRG_COM_TIM14_IRQHandler            0x080001b7   Thumb Code     0  startup_stm32f40xx.o(.text)
    TIM8_UP_TIM13_IRQHandler                 0x080001b7   Thumb Code     0  startup_stm32f40xx.o(.text)
    UART4_IRQHandler                         0x080001b7   Thumb Code     0  startup_stm32f40xx.o(.text)
    UART5_IRQHandler                         0x080001b7   Thumb Code     0  startup_stm32f40xx.o(.text)
    USART1_IRQHandler                        0x080001b7   Thumb Code     0  startup_stm32f40xx.o(.text)
    USART2_IRQHandler                        0x080001b7   Thumb Code     0  startup_stm32f40xx.o(.text)
    USART3_IRQHandler                        0x080001b7   Thumb Code     0  startup_stm32f40xx.o(.text)
    USART6_IRQHandler                        0x080001b7   Thumb Code     0  startup_stm32f40xx.o(.text)
    WWDG_IRQHandler                          0x080001b7   Thumb Code     0  startup_stm32f40xx.o(.text)
    __scatterload                            0x080001c1   Thumb Code    28  init.o(.text)
    __scatterload_rt2                        0x080001c1   Thumb Code     0  init.o(.text)
    BusFault_Handler                         0x080001e5   Thumb Code     4  stm32f4xx_it.o(i.BusFault_Handler)
    DebugMon_Handler                         0x080001e9   Thumb Code     2  stm32f4xx_it.o(i.DebugMon_Handler)
    GPIO_Init                                0x080001eb   Thumb Code   144  stm32f4xx_gpio.o(i.GPIO_Init)
    GPIO_PinAFConfig                         0x0800027b   Thumb Code    70  stm32f4xx_gpio.o(i.GPIO_PinAFConfig)
    HardFault_Handler                        0x080002c1   Thumb Code     4  stm32f4xx_it.o(i.HardFault_Handler)
    I2C_AcknowledgeConfig                    0x080002c5   Thumb Code    24  stm32f4xx_i2c.o(i.I2C_AcknowledgeConfig)
    I2C_CheckEvent                           0x080002dd   Thumb Code    42  stm32f4xx_i2c.o(i.I2C_CheckEvent)
    I2C_Cmd                                  0x08000307   Thumb Code    24  stm32f4xx_i2c.o(i.I2C_Cmd)
    I2C_Config                               0x08000321   Thumb Code   146  i2c.o(i.I2C_Config)
    I2C_GenerateSTART                        0x080003c1   Thumb Code    24  stm32f4xx_i2c.o(i.I2C_GenerateSTART)
    I2C_GenerateSTOP                         0x080003d9   Thumb Code    24  stm32f4xx_i2c.o(i.I2C_GenerateSTOP)
    I2C_Init                                 0x080003f1   Thumb Code   218  stm32f4xx_i2c.o(i.I2C_Init)
    I2C_Read                                 0x080004d9   Thumb Code   216  i2c.o(i.I2C_Read)
    I2C_ReceiveData                          0x080005bd   Thumb Code     8  stm32f4xx_i2c.o(i.I2C_ReceiveData)
    I2C_Send7bitAddress                      0x080005c5   Thumb Code    16  stm32f4xx_i2c.o(i.I2C_Send7bitAddress)
    I2C_SendData                             0x080005d5   Thumb Code     4  stm32f4xx_i2c.o(i.I2C_SendData)
    MemManage_Handler                        0x080005d9   Thumb Code     4  stm32f4xx_it.o(i.MemManage_Handler)
    NMI_Handler                              0x080005dd   Thumb Code     2  stm32f4xx_it.o(i.NMI_Handler)
    PendSV_Handler                           0x080005df   Thumb Code     2  stm32f4xx_it.o(i.PendSV_Handler)
    RCC_AHB1PeriphClockCmd                   0x080005e1   Thumb Code    26  stm32f4xx_rcc.o(i.RCC_AHB1PeriphClockCmd)
    RCC_APB1PeriphClockCmd                   0x08000601   Thumb Code    26  stm32f4xx_rcc.o(i.RCC_APB1PeriphClockCmd)
    RCC_GetClocksFreq                        0x08000621   Thumb Code   214  stm32f4xx_rcc.o(i.RCC_GetClocksFreq)
    SVC_Handler                              0x08000709   Thumb Code     2  stm32f4xx_it.o(i.SVC_Handler)
    SysTick_Handler                          0x080007f9   Thumb Code     2  stm32f4xx_it.o(i.SysTick_Handler)
    SystemInit                               0x080007fd   Thumb Code    88  system_stm32f4xx.o(i.SystemInit)
    UsageFault_Handler                       0x08000865   Thumb Code     4  stm32f4xx_it.o(i.UsageFault_Handler)
    __scatterload_copy                       0x08000869   Thumb Code    14  handlers.o(i.__scatterload_copy)
    __scatterload_null                       0x08000877   Thumb Code     2  handlers.o(i.__scatterload_null)
    __scatterload_zeroinit                   0x08000879   Thumb Code    14  handlers.o(i.__scatterload_zeroinit)
    main                                     0x08000889   Thumb Code    82  main.o(i.main)
    Region$$Table$$Base                      0x080008f0   Number         0  anon$$obj.o(Region$$Table)
    Region$$Table$$Limit                     0x08000910   Number         0  anon$$obj.o(Region$$Table)
    GPIO_InitStructure                       0x20000000   Data           8  main.o(.data)
    GPIO_InitStructure_I2C                   0x20000008   Data           8  main.o(.data)
    I2C_InitStructure                        0x20000020   Data          16  main.o(.bss)
    DMA_InitStructure                        0x20000030   Data          60  main.o(.bss)
    __initial_sp                             0x20000470   Data           0  startup_stm32f40xx.o(STACK)



==============================================================================

Memory Map of the image

  Image Entry point : 0x08000189

  Load Region LR_IROM1 (Base: 0x08000000, Size: 0x00000930, Max: 0x00080000, ABSOLUTE)

    Execution Region ER_IROM1 (Base: 0x08000000, Size: 0x00000910, Max: 0x00080000, ABSOLUTE)

    Base Addr    Size         Type   Attr      Idx    E Section Name        Object

    0x08000000   0x00000188   Data   RO          299    RESET               startup_stm32f40xx.o
    0x08000188   0x00000000   Code   RO         5309  * .ARM.Collect$$$$00000000  mc_w.l(entry.o)
    0x08000188   0x00000004   Code   RO         5312    .ARM.Collect$$$$00000001  mc_w.l(entry2.o)
    0x0800018c   0x00000004   Code   RO         5315    .ARM.Collect$$$$00000004  mc_w.l(entry5.o)
    0x08000190   0x00000000   Code   RO         5317    .ARM.Collect$$$$00000008  mc_w.l(entry7b.o)
    0x08000190   0x00000000   Code   RO         5319    .ARM.Collect$$$$0000000A  mc_w.l(entry8b.o)
    0x08000190   0x00000008   Code   RO         5320    .ARM.Collect$$$$0000000B  mc_w.l(entry9a.o)
    0x08000198   0x00000000   Code   RO         5322    .ARM.Collect$$$$0000000D  mc_w.l(entry10a.o)
    0x08000198   0x00000000   Code   RO         5324    .ARM.Collect$$$$0000000F  mc_w.l(entry11a.o)
    0x08000198   0x00000004   Code   RO         5313    .ARM.Collect$$$$00002712  mc_w.l(entry2.o)
    0x0800019c   0x00000024   Code   RO          300    .text               startup_stm32f40xx.o
    0x080001c0   0x00000024   Code   RO         5326    .text               mc_w.l(init.o)
    0x080001e4   0x00000004   Code   RO          145    i.BusFault_Handler  stm32f4xx_it.o
    0x080001e8   0x00000002   Code   RO          146    i.DebugMon_Handler  stm32f4xx_it.o
    0x080001ea   0x00000090   Code   RO         2182    i.GPIO_Init         stm32f4xx_gpio.o
    0x0800027a   0x00000046   Code   RO         2183    i.GPIO_PinAFConfig  stm32f4xx_gpio.o
    0x080002c0   0x00000004   Code   RO          147    i.HardFault_Handler  stm32f4xx_it.o
    0x080002c4   0x00000018   Code   RO         2470    i.I2C_AcknowledgeConfig  stm32f4xx_i2c.o
    0x080002dc   0x0000002a   Code   RO         2473    i.I2C_CheckEvent    stm32f4xx_i2c.o
    0x08000306   0x00000018   Code   RO         2476    i.I2C_Cmd           stm32f4xx_i2c.o
    0x0800031e   0x00000002   PAD
    0x08000320   0x000000a0   Code   RO          261    i.I2C_Config        i2c.o
    0x080003c0   0x00000018   Code   RO         2484    i.I2C_GenerateSTART  stm32f4xx_i2c.o
    0x080003d8   0x00000018   Code   RO         2485    i.I2C_GenerateSTOP  stm32f4xx_i2c.o
    0x080003f0   0x000000e8   Code   RO         2491    i.I2C_Init          stm32f4xx_i2c.o
    0x080004d8   0x000000e4   Code   RO          262    i.I2C_Read          i2c.o
    0x080005bc   0x00000008   Code   RO         2496    i.I2C_ReceiveData   stm32f4xx_i2c.o
    0x080005c4   0x00000010   Code   RO         2498    i.I2C_Send7bitAddress  stm32f4xx_i2c.o
    0x080005d4   0x00000004   Code   RO         2499    i.I2C_SendData      stm32f4xx_i2c.o
    0x080005d8   0x00000004   Code   RO          148    i.MemManage_Handler  stm32f4xx_it.o
    0x080005dc   0x00000002   Code   RO          149    i.NMI_Handler       stm32f4xx_it.o
    0x080005de   0x00000002   Code   RO          150    i.PendSV_Handler    stm32f4xx_it.o
    0x080005e0   0x00000020   Code   RO         3108    i.RCC_AHB1PeriphClockCmd  stm32f4xx_rcc.o
    0x08000600   0x00000020   Code   RO         3117    i.RCC_APB1PeriphClockCmd  stm32f4xx_rcc.o
    0x08000620   0x000000e8   Code   RO         3129    i.RCC_GetClocksFreq  stm32f4xx_rcc.o
    0x08000708   0x00000002   Code   RO          151    i.SVC_Handler       stm32f4xx_it.o
    0x0800070a   0x00000002   PAD
    0x0800070c   0x000000ec   Code   RO          220    i.SetSysClock       system_stm32f4xx.o
    0x080007f8   0x00000002   Code   RO          152    i.SysTick_Handler   stm32f4xx_it.o
    0x080007fa   0x00000002   PAD
    0x080007fc   0x00000068   Code   RO          222    i.SystemInit        system_stm32f4xx.o
    0x08000864   0x00000004   Code   RO          153    i.UsageFault_Handler  stm32f4xx_it.o
    0x08000868   0x0000000e   Code   RO         5330    i.__scatterload_copy  mc_w.l(handlers.o)
    0x08000876   0x00000002   Code   RO         5331    i.__scatterload_null  mc_w.l(handlers.o)
    0x08000878   0x0000000e   Code   RO         5332    i.__scatterload_zeroinit  mc_w.l(handlers.o)
    0x08000886   0x00000002   PAD
    0x08000888   0x00000068   Code   RO            4    i.main              main.o
    0x080008f0   0x00000020   Data   RO         5328    Region$$Table       anon$$obj.o


    Execution Region RW_IRAM1 (Base: 0x20000000, Size: 0x00000470, Max: 0x00020000, ABSOLUTE)

    Base Addr    Size         Type   Attr      Idx    E Section Name        Object

    0x20000000   0x00000010   Data   RW            6    .data               main.o
    0x20000010   0x00000010   Data   RW         3161    .data               stm32f4xx_rcc.o
    0x20000020   0x0000004c   Zero   RW            5    .bss                main.o
    0x2000006c   0x00000004   PAD
    0x20000070   0x00000400   Zero   RW          297    STACK               startup_stm32f40xx.o


==============================================================================

Image component sizes


      Code (inc. data)   RO Data    RW Data    ZI Data      Debug   Object Name

       388         26          0          0          0       1768   i2c.o
       104         22          0         16         76     284511   main.o
        36          8        392          0       1024        824   startup_stm32f40xx.o
       214          0          0          0          0       1731   stm32f4xx_gpio.o
       398         14          0          0          0       5852   stm32f4xx_i2c.o
        26          0          0          0          0       4142   stm32f4xx_it.o
       296         30          0         16          0       4034   stm32f4xx_rcc.o
       340         32          0          0          0       1513   system_stm32f4xx.o

    ----------------------------------------------------------------------
      1808        132        424         32       1104     304375   Object Totals
         0          0         32          0          0          0   (incl. Generated)
         6          0          0          0          4          0   (incl. Padding)

    ----------------------------------------------------------------------

      Code (inc. data)   RO Data    RW Data    ZI Data      Debug   Library Member Name

         0          0          0          0          0          0   entry.o
         0          0          0          0          0          0   entry10a.o
         0          0          0          0          0          0   entry11a.o
         8          4          0          0          0          0   entry2.o
         4          0          0          0          0          0   entry5.o
         0          0          0          0          0          0   entry7b.o
         0          0          0          0          0          0   entry8b.o
         8          4          0          0          0          0   entry9a.o
        30          0          0          0          0          0   handlers.o
        36          8          0          0          0         68   init.o

    ----------------------------------------------------------------------
        88         16          0          0          0         68   Library Totals
         2          0          0          0          0          0   (incl. Padding)

    ----------------------------------------------------------------------

      Code (inc. data)   RO Data    RW Data    ZI Data      Debug   Library Name

        86         16          0          0          0         68   mc_w.l

    ----------------------------------------------------------------------
        88         16          0          0          0         68   Library Totals

    ----------------------------------------------------------------------

==============================================================================


      Code (inc. data)   RO Data    RW Data    ZI Data      Debug   

      1896        148        424         32       1104     302247   Grand Totals
      1896        148        424         32       1104     302247   ELF Image Totals
      1896        148        424         32          0          0   ROM Totals

==============================================================================

    Total RO  Size (Code + RO Data)                 2320 (   2.27kB)
    Total RW  Size (RW Data + ZI Data)              1136 (   1.11kB)
    Total ROM Size (Code + RO Data + RW Data)       2352 (   2.30kB)

==============================================================================

